[2024-12-23 11:15:23,853][train.py][line:313][INFO] start training!
[2024-12-23 11:15:54,854][train.py][line:321][INFO] Epoch:[0/230]	 loss=321.95834	 acc=21.429
[2024-12-23 11:16:04,365][train.py][line:330][INFO] Epoch:[0/230]	 Test acc=32.292
[2024-12-23 11:16:04,365][train.py][line:339][INFO] Best Test acc=32.292
[2024-12-23 11:16:35,408][train.py][line:321][INFO] Epoch:[1/230]	 loss=277.57579	 acc=30.867
[2024-12-23 11:16:44,031][train.py][line:330][INFO] Epoch:[1/230]	 Test acc=37.500
[2024-12-23 11:16:44,032][train.py][line:339][INFO] Best Test acc=37.500
[2024-12-23 11:17:14,361][train.py][line:321][INFO] Epoch:[2/230]	 loss=257.72918	 acc=37.755
[2024-12-23 11:17:23,213][train.py][line:330][INFO] Epoch:[2/230]	 Test acc=42.361
[2024-12-23 11:17:23,213][train.py][line:339][INFO] Best Test acc=42.361
[2024-12-23 11:17:53,761][train.py][line:321][INFO] Epoch:[3/230]	 loss=233.48716	 acc=44.303
[2024-12-23 11:18:02,659][train.py][line:330][INFO] Epoch:[3/230]	 Test acc=50.000
[2024-12-23 11:18:02,659][train.py][line:339][INFO] Best Test acc=50.000
[2024-12-23 11:18:32,947][train.py][line:321][INFO] Epoch:[4/230]	 loss=229.27735	 acc=46.769
[2024-12-23 11:18:41,824][train.py][line:330][INFO] Epoch:[4/230]	 Test acc=35.069
[2024-12-23 11:18:41,824][train.py][line:339][INFO] Best Test acc=50.000
[2024-12-23 11:19:12,821][train.py][line:321][INFO] Epoch:[5/230]	 loss=221.22809	 acc=48.299
[2024-12-23 11:19:21,621][train.py][line:330][INFO] Epoch:[5/230]	 Test acc=38.194
[2024-12-23 11:19:21,621][train.py][line:339][INFO] Best Test acc=50.000
[2024-12-23 11:19:52,151][train.py][line:321][INFO] Epoch:[6/230]	 loss=227.85649	 acc=47.959
[2024-12-23 11:20:00,975][train.py][line:330][INFO] Epoch:[6/230]	 Test acc=56.250
[2024-12-23 11:20:00,975][train.py][line:339][INFO] Best Test acc=56.250
[2024-12-23 11:20:31,558][train.py][line:321][INFO] Epoch:[7/230]	 loss=215.38448	 acc=49.490
[2024-12-23 11:20:40,379][train.py][line:330][INFO] Epoch:[7/230]	 Test acc=54.861
[2024-12-23 11:20:40,379][train.py][line:339][INFO] Best Test acc=56.250
[2024-12-23 11:21:11,135][train.py][line:321][INFO] Epoch:[8/230]	 loss=202.10596	 acc=54.762
[2024-12-23 11:21:19,987][train.py][line:330][INFO] Epoch:[8/230]	 Test acc=56.597
[2024-12-23 11:21:19,987][train.py][line:339][INFO] Best Test acc=56.597
[2024-12-23 11:21:50,929][train.py][line:321][INFO] Epoch:[9/230]	 loss=193.72424	 acc=56.122
[2024-12-23 11:21:59,544][train.py][line:330][INFO] Epoch:[9/230]	 Test acc=54.514
[2024-12-23 11:21:59,544][train.py][line:339][INFO] Best Test acc=56.597
[2024-12-23 11:22:30,373][train.py][line:321][INFO] Epoch:[10/230]	 loss=192.86361	 acc=57.823
[2024-12-23 11:22:39,161][train.py][line:330][INFO] Epoch:[10/230]	 Test acc=63.542
[2024-12-23 11:22:39,161][train.py][line:339][INFO] Best Test acc=63.542
[2024-12-23 11:23:09,913][train.py][line:321][INFO] Epoch:[11/230]	 loss=182.43104	 acc=61.905
[2024-12-23 11:23:18,748][train.py][line:330][INFO] Epoch:[11/230]	 Test acc=76.389
[2024-12-23 11:23:18,749][train.py][line:339][INFO] Best Test acc=76.389
[2024-12-23 11:23:49,813][train.py][line:321][INFO] Epoch:[12/230]	 loss=186.81184	 acc=60.034
[2024-12-23 11:23:58,745][train.py][line:330][INFO] Epoch:[12/230]	 Test acc=55.903
[2024-12-23 11:23:58,745][train.py][line:339][INFO] Best Test acc=76.389
[2024-12-23 11:24:29,619][train.py][line:321][INFO] Epoch:[13/230]	 loss=177.29125	 acc=62.670
[2024-12-23 11:24:38,509][train.py][line:330][INFO] Epoch:[13/230]	 Test acc=69.792
[2024-12-23 11:24:38,509][train.py][line:339][INFO] Best Test acc=76.389
[2024-12-23 11:25:09,085][train.py][line:321][INFO] Epoch:[14/230]	 loss=181.23113	 acc=64.881
[2024-12-23 11:25:17,925][train.py][line:330][INFO] Epoch:[14/230]	 Test acc=68.750
[2024-12-23 11:25:17,925][train.py][line:339][INFO] Best Test acc=76.389
[2024-12-23 11:25:48,702][train.py][line:321][INFO] Epoch:[15/230]	 loss=172.43925	 acc=68.963
[2024-12-23 11:25:57,487][train.py][line:330][INFO] Epoch:[15/230]	 Test acc=70.833
[2024-12-23 11:25:57,488][train.py][line:339][INFO] Best Test acc=76.389
[2024-12-23 11:26:28,339][train.py][line:321][INFO] Epoch:[16/230]	 loss=161.65985	 acc=71.088
[2024-12-23 11:26:37,286][train.py][line:330][INFO] Epoch:[16/230]	 Test acc=76.042
[2024-12-23 11:26:37,286][train.py][line:339][INFO] Best Test acc=76.389
[2024-12-23 11:27:08,113][train.py][line:321][INFO] Epoch:[17/230]	 loss=156.31284	 acc=71.003
[2024-12-23 11:27:16,869][train.py][line:330][INFO] Epoch:[17/230]	 Test acc=73.958
[2024-12-23 11:27:16,869][train.py][line:339][INFO] Best Test acc=76.389
[2024-12-23 11:27:47,927][train.py][line:321][INFO] Epoch:[18/230]	 loss=149.39008	 acc=71.514
[2024-12-23 11:27:56,853][train.py][line:330][INFO] Epoch:[18/230]	 Test acc=81.597
[2024-12-23 11:27:56,854][train.py][line:339][INFO] Best Test acc=81.597
[2024-12-23 11:28:27,249][train.py][line:321][INFO] Epoch:[19/230]	 loss=148.16122	 acc=74.490
[2024-12-23 11:28:36,049][train.py][line:330][INFO] Epoch:[19/230]	 Test acc=76.042
[2024-12-23 11:28:36,049][train.py][line:339][INFO] Best Test acc=81.597
[2024-12-23 11:29:07,043][train.py][line:321][INFO] Epoch:[20/230]	 loss=133.68378	 acc=75.340
[2024-12-23 11:29:15,794][train.py][line:330][INFO] Epoch:[20/230]	 Test acc=78.819
[2024-12-23 11:29:15,794][train.py][line:339][INFO] Best Test acc=81.597
[2024-12-23 11:29:46,775][train.py][line:321][INFO] Epoch:[21/230]	 loss=141.64044	 acc=76.276
[2024-12-23 11:29:55,639][train.py][line:330][INFO] Epoch:[21/230]	 Test acc=81.944
[2024-12-23 11:29:55,639][train.py][line:339][INFO] Best Test acc=81.944
[2024-12-23 11:30:26,598][train.py][line:321][INFO] Epoch:[22/230]	 loss=135.38648	 acc=77.976
[2024-12-23 11:30:35,439][train.py][line:330][INFO] Epoch:[22/230]	 Test acc=81.597
[2024-12-23 11:30:35,439][train.py][line:339][INFO] Best Test acc=81.944
[2024-12-23 11:31:06,120][train.py][line:321][INFO] Epoch:[23/230]	 loss=135.14905	 acc=76.105
[2024-12-23 11:31:15,028][train.py][line:330][INFO] Epoch:[23/230]	 Test acc=81.597
[2024-12-23 11:31:15,028][train.py][line:339][INFO] Best Test acc=81.944
[2024-12-23 11:31:45,777][train.py][line:321][INFO] Epoch:[24/230]	 loss=132.88762	 acc=78.401
[2024-12-23 11:31:54,645][train.py][line:330][INFO] Epoch:[24/230]	 Test acc=84.722
[2024-12-23 11:31:54,645][train.py][line:339][INFO] Best Test acc=84.722
[2024-12-23 11:32:25,458][train.py][line:321][INFO] Epoch:[25/230]	 loss=135.36762	 acc=80.017
[2024-12-23 11:32:34,356][train.py][line:330][INFO] Epoch:[25/230]	 Test acc=78.472
[2024-12-23 11:32:34,356][train.py][line:339][INFO] Best Test acc=84.722
[2024-12-23 11:33:05,134][train.py][line:321][INFO] Epoch:[26/230]	 loss=137.47715	 acc=82.058
[2024-12-23 11:33:13,911][train.py][line:330][INFO] Epoch:[26/230]	 Test acc=80.903
[2024-12-23 11:33:13,912][train.py][line:339][INFO] Best Test acc=84.722
[2024-12-23 11:33:44,690][train.py][line:321][INFO] Epoch:[27/230]	 loss=126.99477	 acc=84.354
[2024-12-23 11:33:53,509][train.py][line:330][INFO] Epoch:[27/230]	 Test acc=90.278
[2024-12-23 11:33:53,509][train.py][line:339][INFO] Best Test acc=90.278
[2024-12-23 11:34:24,362][train.py][line:321][INFO] Epoch:[28/230]	 loss=127.09485	 acc=84.949
[2024-12-23 11:34:33,112][train.py][line:330][INFO] Epoch:[28/230]	 Test acc=80.556
[2024-12-23 11:34:33,113][train.py][line:339][INFO] Best Test acc=90.278
[2024-12-23 11:35:04,086][train.py][line:321][INFO] Epoch:[29/230]	 loss=104.23099	 acc=89.201
[2024-12-23 11:35:12,925][train.py][line:330][INFO] Epoch:[29/230]	 Test acc=89.236
[2024-12-23 11:35:12,925][train.py][line:339][INFO] Best Test acc=90.278
[2024-12-23 11:35:43,964][train.py][line:321][INFO] Epoch:[30/230]	 loss=110.52152	 acc=88.520
[2024-12-23 11:35:52,710][train.py][line:330][INFO] Epoch:[30/230]	 Test acc=92.014
[2024-12-23 11:35:52,710][train.py][line:339][INFO] Best Test acc=92.014
[2024-12-23 11:36:23,725][train.py][line:321][INFO] Epoch:[31/230]	 loss=110.00438	 acc=87.585
[2024-12-23 11:36:32,660][train.py][line:330][INFO] Epoch:[31/230]	 Test acc=92.361
[2024-12-23 11:36:32,660][train.py][line:339][INFO] Best Test acc=92.361
[2024-12-23 11:37:03,457][train.py][line:321][INFO] Epoch:[32/230]	 loss=111.84159	 acc=86.905
[2024-12-23 11:37:12,288][train.py][line:330][INFO] Epoch:[32/230]	 Test acc=90.972
[2024-12-23 11:37:12,288][train.py][line:339][INFO] Best Test acc=92.361
[2024-12-23 11:37:43,376][train.py][line:321][INFO] Epoch:[33/230]	 loss=101.17424	 acc=89.456
[2024-12-23 11:37:52,268][train.py][line:330][INFO] Epoch:[33/230]	 Test acc=88.889
[2024-12-23 11:37:52,268][train.py][line:339][INFO] Best Test acc=92.361
[2024-12-23 11:38:23,286][train.py][line:321][INFO] Epoch:[34/230]	 loss=108.25796	 acc=89.286
[2024-12-23 11:38:32,044][train.py][line:330][INFO] Epoch:[34/230]	 Test acc=87.153
[2024-12-23 11:38:32,045][train.py][line:339][INFO] Best Test acc=92.361
[2024-12-23 11:39:03,015][train.py][line:321][INFO] Epoch:[35/230]	 loss=97.44680	 acc=90.646
[2024-12-23 11:39:11,844][train.py][line:330][INFO] Epoch:[35/230]	 Test acc=90.972
[2024-12-23 11:39:11,845][train.py][line:339][INFO] Best Test acc=92.361
[2024-12-23 11:39:42,909][train.py][line:321][INFO] Epoch:[36/230]	 loss=100.84161	 acc=89.626
[2024-12-23 11:39:51,812][train.py][line:330][INFO] Epoch:[36/230]	 Test acc=69.444
[2024-12-23 11:39:51,812][train.py][line:339][INFO] Best Test acc=92.361
[2024-12-23 11:40:22,749][train.py][line:321][INFO] Epoch:[37/230]	 loss=97.04816	 acc=90.986
[2024-12-23 11:40:31,631][train.py][line:330][INFO] Epoch:[37/230]	 Test acc=90.278
[2024-12-23 11:40:31,632][train.py][line:339][INFO] Best Test acc=92.361
[2024-12-23 11:41:02,495][train.py][line:321][INFO] Epoch:[38/230]	 loss=92.81779	 acc=91.752
[2024-12-23 11:41:11,169][train.py][line:330][INFO] Epoch:[38/230]	 Test acc=94.444
[2024-12-23 11:41:11,170][train.py][line:339][INFO] Best Test acc=94.444
[2024-12-23 11:41:42,245][train.py][line:321][INFO] Epoch:[39/230]	 loss=101.19083	 acc=89.371
[2024-12-23 11:41:51,200][train.py][line:330][INFO] Epoch:[39/230]	 Test acc=91.667
[2024-12-23 11:41:51,201][train.py][line:339][INFO] Best Test acc=94.444
[2024-12-23 11:42:22,056][train.py][line:321][INFO] Epoch:[40/230]	 loss=103.50256	 acc=90.561
[2024-12-23 11:42:30,779][train.py][line:330][INFO] Epoch:[40/230]	 Test acc=80.208
[2024-12-23 11:42:30,779][train.py][line:339][INFO] Best Test acc=94.444
[2024-12-23 11:43:01,758][train.py][line:321][INFO] Epoch:[41/230]	 loss=96.51164	 acc=90.476
[2024-12-23 11:43:10,775][train.py][line:330][INFO] Epoch:[41/230]	 Test acc=92.361
[2024-12-23 11:43:10,775][train.py][line:339][INFO] Best Test acc=94.444
[2024-12-23 11:43:41,609][train.py][line:321][INFO] Epoch:[42/230]	 loss=104.51016	 acc=89.626
[2024-12-23 11:43:50,329][train.py][line:330][INFO] Epoch:[42/230]	 Test acc=92.361
[2024-12-23 11:43:50,329][train.py][line:339][INFO] Best Test acc=94.444
[2024-12-23 11:44:21,407][train.py][line:321][INFO] Epoch:[43/230]	 loss=88.75903	 acc=92.347
[2024-12-23 11:44:30,342][train.py][line:330][INFO] Epoch:[43/230]	 Test acc=94.097
[2024-12-23 11:44:30,343][train.py][line:339][INFO] Best Test acc=94.444
[2024-12-23 11:45:01,074][train.py][line:321][INFO] Epoch:[44/230]	 loss=104.57413	 acc=88.180
[2024-12-23 11:45:09,923][train.py][line:330][INFO] Epoch:[44/230]	 Test acc=89.931
[2024-12-23 11:45:09,923][train.py][line:339][INFO] Best Test acc=94.444
[2024-12-23 11:45:40,804][train.py][line:321][INFO] Epoch:[45/230]	 loss=101.60439	 acc=90.646
[2024-12-23 11:45:49,728][train.py][line:330][INFO] Epoch:[45/230]	 Test acc=93.403
[2024-12-23 11:45:49,728][train.py][line:339][INFO] Best Test acc=94.444
[2024-12-23 11:46:20,717][train.py][line:321][INFO] Epoch:[46/230]	 loss=97.73816	 acc=90.646
[2024-12-23 11:46:29,503][train.py][line:330][INFO] Epoch:[46/230]	 Test acc=88.889
[2024-12-23 11:46:29,503][train.py][line:339][INFO] Best Test acc=94.444
[2024-12-23 11:47:00,460][train.py][line:321][INFO] Epoch:[47/230]	 loss=88.58070	 acc=91.922
[2024-12-23 11:47:09,279][train.py][line:330][INFO] Epoch:[47/230]	 Test acc=92.708
[2024-12-23 11:47:09,279][train.py][line:339][INFO] Best Test acc=94.444
[2024-12-23 11:47:40,315][train.py][line:321][INFO] Epoch:[48/230]	 loss=89.69102	 acc=91.582
[2024-12-23 11:47:49,088][train.py][line:330][INFO] Epoch:[48/230]	 Test acc=91.667
[2024-12-23 11:47:49,089][train.py][line:339][INFO] Best Test acc=94.444
[2024-12-23 11:48:20,057][train.py][line:321][INFO] Epoch:[49/230]	 loss=85.91878	 acc=93.197
[2024-12-23 11:48:28,854][train.py][line:330][INFO] Epoch:[49/230]	 Test acc=94.097
[2024-12-23 11:48:28,854][train.py][line:339][INFO] Best Test acc=94.444
[2024-12-23 11:48:59,676][train.py][line:321][INFO] Epoch:[50/230]	 loss=93.35054	 acc=91.497
[2024-12-23 11:49:08,445][train.py][line:330][INFO] Epoch:[50/230]	 Test acc=92.361
[2024-12-23 11:49:08,445][train.py][line:339][INFO] Best Test acc=94.444
[2024-12-23 11:49:39,387][train.py][line:321][INFO] Epoch:[51/230]	 loss=84.76868	 acc=91.922
[2024-12-23 11:49:48,247][train.py][line:330][INFO] Epoch:[51/230]	 Test acc=91.667
[2024-12-23 11:49:48,247][train.py][line:339][INFO] Best Test acc=94.444
[2024-12-23 11:50:19,248][train.py][line:321][INFO] Epoch:[52/230]	 loss=90.17896	 acc=91.412
[2024-12-23 11:50:27,999][train.py][line:330][INFO] Epoch:[52/230]	 Test acc=89.931
[2024-12-23 11:50:28,000][train.py][line:339][INFO] Best Test acc=94.444
[2024-12-23 11:50:58,814][train.py][line:321][INFO] Epoch:[53/230]	 loss=92.67150	 acc=92.177
[2024-12-23 11:51:07,586][train.py][line:330][INFO] Epoch:[53/230]	 Test acc=85.764
[2024-12-23 11:51:07,586][train.py][line:339][INFO] Best Test acc=94.444
[2024-12-23 11:51:38,397][train.py][line:321][INFO] Epoch:[54/230]	 loss=81.40121	 acc=93.282
[2024-12-23 11:51:47,153][train.py][line:330][INFO] Epoch:[54/230]	 Test acc=93.750
[2024-12-23 11:51:47,153][train.py][line:339][INFO] Best Test acc=94.444
[2024-12-23 11:52:17,964][train.py][line:321][INFO] Epoch:[55/230]	 loss=91.72952	 acc=92.262
[2024-12-23 11:52:26,763][train.py][line:330][INFO] Epoch:[55/230]	 Test acc=92.361
[2024-12-23 11:52:26,763][train.py][line:339][INFO] Best Test acc=94.444
[2024-12-23 11:52:57,632][train.py][line:321][INFO] Epoch:[56/230]	 loss=93.00755	 acc=91.497
[2024-12-23 11:53:06,358][train.py][line:330][INFO] Epoch:[56/230]	 Test acc=93.403
[2024-12-23 11:53:06,358][train.py][line:339][INFO] Best Test acc=94.444
[2024-12-23 11:53:37,321][train.py][line:321][INFO] Epoch:[57/230]	 loss=96.27221	 acc=89.796
[2024-12-23 11:53:46,188][train.py][line:330][INFO] Epoch:[57/230]	 Test acc=95.139
[2024-12-23 11:53:46,188][train.py][line:339][INFO] Best Test acc=95.139
[2024-12-23 11:54:16,630][train.py][line:321][INFO] Epoch:[58/230]	 loss=84.39332	 acc=92.602
[2024-12-23 11:54:25,529][train.py][line:330][INFO] Epoch:[58/230]	 Test acc=91.667
[2024-12-23 11:54:25,529][train.py][line:339][INFO] Best Test acc=95.139
[2024-12-23 11:54:56,039][train.py][line:321][INFO] Epoch:[59/230]	 loss=86.39936	 acc=91.837
[2024-12-23 11:55:04,946][train.py][line:330][INFO] Epoch:[59/230]	 Test acc=89.931
[2024-12-23 11:55:04,946][train.py][line:339][INFO] Best Test acc=95.139
[2024-12-23 11:55:35,803][train.py][line:321][INFO] Epoch:[60/230]	 loss=87.20153	 acc=93.112
[2024-12-23 11:55:44,756][train.py][line:330][INFO] Epoch:[60/230]	 Test acc=95.139
[2024-12-23 11:55:44,757][train.py][line:339][INFO] Best Test acc=95.139
[2024-12-23 11:56:15,527][train.py][line:321][INFO] Epoch:[61/230]	 loss=79.97733	 acc=94.048
[2024-12-23 11:56:24,281][train.py][line:330][INFO] Epoch:[61/230]	 Test acc=92.708
[2024-12-23 11:56:24,281][train.py][line:339][INFO] Best Test acc=95.139
[2024-12-23 11:56:55,042][train.py][line:321][INFO] Epoch:[62/230]	 loss=87.90835	 acc=92.092
[2024-12-23 11:57:03,863][train.py][line:330][INFO] Epoch:[62/230]	 Test acc=88.889
[2024-12-23 11:57:03,863][train.py][line:339][INFO] Best Test acc=95.139
[2024-12-23 11:57:34,747][train.py][line:321][INFO] Epoch:[63/230]	 loss=84.77552	 acc=92.262
[2024-12-23 11:57:43,681][train.py][line:330][INFO] Epoch:[63/230]	 Test acc=91.319
[2024-12-23 11:57:43,681][train.py][line:339][INFO] Best Test acc=95.139
[2024-12-23 11:58:14,694][train.py][line:321][INFO] Epoch:[64/230]	 loss=87.86256	 acc=91.667
[2024-12-23 11:58:23,454][train.py][line:330][INFO] Epoch:[64/230]	 Test acc=87.847
[2024-12-23 11:58:23,454][train.py][line:339][INFO] Best Test acc=95.139
[2024-12-23 11:58:54,205][train.py][line:321][INFO] Epoch:[65/230]	 loss=82.21101	 acc=92.262
[2024-12-23 11:59:03,065][train.py][line:330][INFO] Epoch:[65/230]	 Test acc=93.750
[2024-12-23 11:59:03,066][train.py][line:339][INFO] Best Test acc=95.139
[2024-12-23 11:59:33,844][train.py][line:321][INFO] Epoch:[66/230]	 loss=85.35354	 acc=92.007
[2024-12-23 11:59:42,848][train.py][line:330][INFO] Epoch:[66/230]	 Test acc=93.750
[2024-12-23 11:59:42,848][train.py][line:339][INFO] Best Test acc=95.139
[2024-12-23 12:00:13,849][train.py][line:321][INFO] Epoch:[67/230]	 loss=69.46535	 acc=95.323
[2024-12-23 12:00:22,655][train.py][line:330][INFO] Epoch:[67/230]	 Test acc=90.972
[2024-12-23 12:00:22,655][train.py][line:339][INFO] Best Test acc=95.139
[2024-12-23 12:00:53,458][train.py][line:321][INFO] Epoch:[68/230]	 loss=78.09743	 acc=93.197
[2024-12-23 12:01:02,389][train.py][line:330][INFO] Epoch:[68/230]	 Test acc=93.403
[2024-12-23 12:01:02,389][train.py][line:339][INFO] Best Test acc=95.139
[2024-12-23 12:01:33,032][train.py][line:321][INFO] Epoch:[69/230]	 loss=65.63886	 acc=95.578
[2024-12-23 12:01:41,801][train.py][line:330][INFO] Epoch:[69/230]	 Test acc=94.444
[2024-12-23 12:01:41,802][train.py][line:339][INFO] Best Test acc=95.139
[2024-12-23 12:02:12,660][train.py][line:321][INFO] Epoch:[70/230]	 loss=78.53349	 acc=94.388
[2024-12-23 12:02:21,591][train.py][line:330][INFO] Epoch:[70/230]	 Test acc=84.375
[2024-12-23 12:02:21,592][train.py][line:339][INFO] Best Test acc=95.139
[2024-12-23 12:02:51,994][train.py][line:321][INFO] Epoch:[71/230]	 loss=84.43859	 acc=92.942
[2024-12-23 12:03:00,732][train.py][line:330][INFO] Epoch:[71/230]	 Test acc=93.750
[2024-12-23 12:03:00,732][train.py][line:339][INFO] Best Test acc=95.139
[2024-12-23 12:03:31,601][train.py][line:321][INFO] Epoch:[72/230]	 loss=85.72992	 acc=92.092
[2024-12-23 12:03:40,562][train.py][line:330][INFO] Epoch:[72/230]	 Test acc=92.361
[2024-12-23 12:03:40,563][train.py][line:339][INFO] Best Test acc=95.139
[2024-12-23 12:04:11,313][train.py][line:321][INFO] Epoch:[73/230]	 loss=73.20508	 acc=95.408
[2024-12-23 12:04:20,181][train.py][line:330][INFO] Epoch:[73/230]	 Test acc=93.056
[2024-12-23 12:04:20,181][train.py][line:339][INFO] Best Test acc=95.139
[2024-12-23 12:04:50,834][train.py][line:321][INFO] Epoch:[74/230]	 loss=82.60515	 acc=93.452
[2024-12-23 12:04:59,563][train.py][line:330][INFO] Epoch:[74/230]	 Test acc=92.014
[2024-12-23 12:04:59,564][train.py][line:339][INFO] Best Test acc=95.139
[2024-12-23 12:05:30,360][train.py][line:321][INFO] Epoch:[75/230]	 loss=73.50708	 acc=94.558
[2024-12-23 12:05:39,097][train.py][line:330][INFO] Epoch:[75/230]	 Test acc=92.014
[2024-12-23 12:05:39,097][train.py][line:339][INFO] Best Test acc=95.139
[2024-12-23 12:06:09,455][train.py][line:321][INFO] Epoch:[76/230]	 loss=83.00987	 acc=92.262
[2024-12-23 12:06:18,111][train.py][line:330][INFO] Epoch:[76/230]	 Test acc=92.361
[2024-12-23 12:06:18,112][train.py][line:339][INFO] Best Test acc=95.139
[2024-12-23 12:06:48,711][train.py][line:321][INFO] Epoch:[77/230]	 loss=79.44371	 acc=93.282
[2024-12-23 12:06:57,489][train.py][line:330][INFO] Epoch:[77/230]	 Test acc=78.819
[2024-12-23 12:06:57,489][train.py][line:339][INFO] Best Test acc=95.139
[2024-12-23 12:07:28,069][train.py][line:321][INFO] Epoch:[78/230]	 loss=73.30649	 acc=94.473
[2024-12-23 12:07:36,876][train.py][line:330][INFO] Epoch:[78/230]	 Test acc=92.361
[2024-12-23 12:07:36,876][train.py][line:339][INFO] Best Test acc=95.139
[2024-12-23 12:08:08,003][train.py][line:321][INFO] Epoch:[79/230]	 loss=78.00836	 acc=93.963
[2024-12-23 12:08:16,871][train.py][line:330][INFO] Epoch:[79/230]	 Test acc=95.833
[2024-12-23 12:08:16,871][train.py][line:339][INFO] Best Test acc=95.833
[2024-12-23 12:08:47,277][train.py][line:321][INFO] Epoch:[80/230]	 loss=86.91559	 acc=91.922
[2024-12-23 12:08:56,060][train.py][line:330][INFO] Epoch:[80/230]	 Test acc=92.014
[2024-12-23 12:08:56,061][train.py][line:339][INFO] Best Test acc=95.833
[2024-12-23 12:09:26,636][train.py][line:321][INFO] Epoch:[81/230]	 loss=68.83491	 acc=95.833
[2024-12-23 12:09:35,422][train.py][line:330][INFO] Epoch:[81/230]	 Test acc=93.056
[2024-12-23 12:09:35,422][train.py][line:339][INFO] Best Test acc=95.833
[2024-12-23 12:10:06,385][train.py][line:321][INFO] Epoch:[82/230]	 loss=77.67945	 acc=93.707
[2024-12-23 12:10:15,242][train.py][line:330][INFO] Epoch:[82/230]	 Test acc=92.708
[2024-12-23 12:10:15,243][train.py][line:339][INFO] Best Test acc=95.833
[2024-12-23 12:10:46,198][train.py][line:321][INFO] Epoch:[83/230]	 loss=76.31525	 acc=93.793
[2024-12-23 12:10:55,020][train.py][line:330][INFO] Epoch:[83/230]	 Test acc=96.181
[2024-12-23 12:10:55,021][train.py][line:339][INFO] Best Test acc=96.181
[2024-12-23 12:11:25,961][train.py][line:321][INFO] Epoch:[84/230]	 loss=79.42067	 acc=93.537
[2024-12-23 12:11:34,804][train.py][line:330][INFO] Epoch:[84/230]	 Test acc=94.792
[2024-12-23 12:11:34,805][train.py][line:339][INFO] Best Test acc=96.181
[2024-12-23 12:12:05,718][train.py][line:321][INFO] Epoch:[85/230]	 loss=69.77591	 acc=94.728
[2024-12-23 12:12:14,601][train.py][line:330][INFO] Epoch:[85/230]	 Test acc=95.833
[2024-12-23 12:12:14,602][train.py][line:339][INFO] Best Test acc=96.181
[2024-12-23 12:12:45,344][train.py][line:321][INFO] Epoch:[86/230]	 loss=60.26218	 acc=95.663
[2024-12-23 12:12:54,200][train.py][line:330][INFO] Epoch:[86/230]	 Test acc=92.014
[2024-12-23 12:12:54,201][train.py][line:339][INFO] Best Test acc=96.181
[2024-12-23 12:13:25,208][train.py][line:321][INFO] Epoch:[87/230]	 loss=80.53018	 acc=92.772
[2024-12-23 12:13:33,966][train.py][line:330][INFO] Epoch:[87/230]	 Test acc=92.361
[2024-12-23 12:13:33,966][train.py][line:339][INFO] Best Test acc=96.181
[2024-12-23 12:14:05,032][train.py][line:321][INFO] Epoch:[88/230]	 loss=77.40767	 acc=93.112
[2024-12-23 12:14:13,967][train.py][line:330][INFO] Epoch:[88/230]	 Test acc=95.139
[2024-12-23 12:14:13,967][train.py][line:339][INFO] Best Test acc=96.181
[2024-12-23 12:14:45,053][train.py][line:321][INFO] Epoch:[89/230]	 loss=65.14820	 acc=96.599
[2024-12-23 12:14:53,966][train.py][line:330][INFO] Epoch:[89/230]	 Test acc=90.972
[2024-12-23 12:14:53,966][train.py][line:339][INFO] Best Test acc=96.181
[2024-12-23 12:15:25,126][train.py][line:321][INFO] Epoch:[90/230]	 loss=95.64408	 acc=91.582
[2024-12-23 12:15:33,923][train.py][line:330][INFO] Epoch:[90/230]	 Test acc=91.667
[2024-12-23 12:15:33,924][train.py][line:339][INFO] Best Test acc=96.181
[2024-12-23 12:16:05,038][train.py][line:321][INFO] Epoch:[91/230]	 loss=71.96278	 acc=94.388
[2024-12-23 12:16:13,902][train.py][line:330][INFO] Epoch:[91/230]	 Test acc=94.097
[2024-12-23 12:16:13,902][train.py][line:339][INFO] Best Test acc=96.181
[2024-12-23 12:16:44,994][train.py][line:321][INFO] Epoch:[92/230]	 loss=71.76601	 acc=94.643
[2024-12-23 12:16:53,897][train.py][line:330][INFO] Epoch:[92/230]	 Test acc=93.403
[2024-12-23 12:16:53,898][train.py][line:339][INFO] Best Test acc=96.181
[2024-12-23 12:17:25,158][train.py][line:321][INFO] Epoch:[93/230]	 loss=83.62010	 acc=92.432
[2024-12-23 12:17:34,094][train.py][line:330][INFO] Epoch:[93/230]	 Test acc=89.236
[2024-12-23 12:17:34,095][train.py][line:339][INFO] Best Test acc=96.181
[2024-12-23 12:18:04,919][train.py][line:321][INFO] Epoch:[94/230]	 loss=72.36464	 acc=94.813
[2024-12-23 12:18:13,684][train.py][line:330][INFO] Epoch:[94/230]	 Test acc=93.056
[2024-12-23 12:18:13,685][train.py][line:339][INFO] Best Test acc=96.181
[2024-12-23 12:18:44,579][train.py][line:321][INFO] Epoch:[95/230]	 loss=67.65188	 acc=94.643
[2024-12-23 12:18:53,465][train.py][line:330][INFO] Epoch:[95/230]	 Test acc=94.097
[2024-12-23 12:18:53,465][train.py][line:339][INFO] Best Test acc=96.181
[2024-12-23 12:19:24,593][train.py][line:321][INFO] Epoch:[96/230]	 loss=74.36132	 acc=94.303
[2024-12-23 12:19:33,419][train.py][line:330][INFO] Epoch:[96/230]	 Test acc=94.444
[2024-12-23 12:19:33,419][train.py][line:339][INFO] Best Test acc=96.181
[2024-12-23 12:20:04,444][train.py][line:321][INFO] Epoch:[97/230]	 loss=63.82919	 acc=95.578
[2024-12-23 12:20:13,442][train.py][line:330][INFO] Epoch:[97/230]	 Test acc=91.319
[2024-12-23 12:20:13,442][train.py][line:339][INFO] Best Test acc=96.181
[2024-12-23 12:20:44,448][train.py][line:321][INFO] Epoch:[98/230]	 loss=54.34279	 acc=97.364
[2024-12-23 12:20:53,203][train.py][line:330][INFO] Epoch:[98/230]	 Test acc=95.486
[2024-12-23 12:20:53,203][train.py][line:339][INFO] Best Test acc=96.181
[2024-12-23 12:21:24,107][train.py][line:321][INFO] Epoch:[99/230]	 loss=61.73907	 acc=95.918
[2024-12-23 12:21:32,974][train.py][line:330][INFO] Epoch:[99/230]	 Test acc=93.750
[2024-12-23 12:21:32,974][train.py][line:339][INFO] Best Test acc=96.181
[2024-12-23 12:22:04,212][train.py][line:321][INFO] Epoch:[100/230]	 loss=69.35136	 acc=94.048
[2024-12-23 12:22:12,969][train.py][line:330][INFO] Epoch:[100/230]	 Test acc=94.097
[2024-12-23 12:22:12,969][train.py][line:339][INFO] Best Test acc=96.181
[2024-12-23 12:22:43,872][train.py][line:321][INFO] Epoch:[101/230]	 loss=66.02086	 acc=94.643
[2024-12-23 12:22:52,806][train.py][line:330][INFO] Epoch:[101/230]	 Test acc=93.403
[2024-12-23 12:22:52,806][train.py][line:339][INFO] Best Test acc=96.181
[2024-12-23 12:23:23,799][train.py][line:321][INFO] Epoch:[102/230]	 loss=58.57516	 acc=95.833
[2024-12-23 12:23:32,570][train.py][line:330][INFO] Epoch:[102/230]	 Test acc=94.792
[2024-12-23 12:23:32,570][train.py][line:339][INFO] Best Test acc=96.181
[2024-12-23 12:24:03,541][train.py][line:321][INFO] Epoch:[103/230]	 loss=63.51749	 acc=95.748
[2024-12-23 12:24:12,331][train.py][line:330][INFO] Epoch:[103/230]	 Test acc=95.833
[2024-12-23 12:24:12,332][train.py][line:339][INFO] Best Test acc=96.181
[2024-12-23 12:24:43,064][train.py][line:321][INFO] Epoch:[104/230]	 loss=83.86084	 acc=92.432
[2024-12-23 12:24:51,923][train.py][line:330][INFO] Epoch:[104/230]	 Test acc=92.014
[2024-12-23 12:24:51,923][train.py][line:339][INFO] Best Test acc=96.181
[2024-12-23 12:25:22,644][train.py][line:321][INFO] Epoch:[105/230]	 loss=63.22428	 acc=95.238
[2024-12-23 12:25:31,329][train.py][line:330][INFO] Epoch:[105/230]	 Test acc=93.750
[2024-12-23 12:25:31,330][train.py][line:339][INFO] Best Test acc=96.181
[2024-12-23 12:26:02,260][train.py][line:321][INFO] Epoch:[106/230]	 loss=73.42063	 acc=93.878
[2024-12-23 12:26:11,134][train.py][line:330][INFO] Epoch:[106/230]	 Test acc=95.139
[2024-12-23 12:26:11,134][train.py][line:339][INFO] Best Test acc=96.181
[2024-12-23 12:26:42,012][train.py][line:321][INFO] Epoch:[107/230]	 loss=64.14108	 acc=95.663
[2024-12-23 12:26:50,909][train.py][line:330][INFO] Epoch:[107/230]	 Test acc=91.319
[2024-12-23 12:26:50,909][train.py][line:339][INFO] Best Test acc=96.181
[2024-12-23 12:27:21,894][train.py][line:321][INFO] Epoch:[108/230]	 loss=62.96547	 acc=95.323
[2024-12-23 12:27:30,690][train.py][line:330][INFO] Epoch:[108/230]	 Test acc=95.833
[2024-12-23 12:27:30,690][train.py][line:339][INFO] Best Test acc=96.181
[2024-12-23 12:28:01,672][train.py][line:321][INFO] Epoch:[109/230]	 loss=49.87229	 acc=97.534
[2024-12-23 12:28:10,479][train.py][line:330][INFO] Epoch:[109/230]	 Test acc=95.486
[2024-12-23 12:28:10,479][train.py][line:339][INFO] Best Test acc=96.181
[2024-12-23 12:28:41,224][train.py][line:321][INFO] Epoch:[110/230]	 loss=61.98450	 acc=96.088
[2024-12-23 12:28:50,049][train.py][line:330][INFO] Epoch:[110/230]	 Test acc=96.181
[2024-12-23 12:28:50,049][train.py][line:339][INFO] Best Test acc=96.181
[2024-12-23 12:29:20,940][train.py][line:321][INFO] Epoch:[111/230]	 loss=59.45790	 acc=96.173
[2024-12-23 12:29:29,658][train.py][line:330][INFO] Epoch:[111/230]	 Test acc=94.792
[2024-12-23 12:29:29,658][train.py][line:339][INFO] Best Test acc=96.181
[2024-12-23 12:30:00,598][train.py][line:321][INFO] Epoch:[112/230]	 loss=65.06760	 acc=95.323
[2024-12-23 12:30:09,450][train.py][line:330][INFO] Epoch:[112/230]	 Test acc=94.097
[2024-12-23 12:30:09,450][train.py][line:339][INFO] Best Test acc=96.181
[2024-12-23 12:30:40,339][train.py][line:321][INFO] Epoch:[113/230]	 loss=73.65720	 acc=93.197
[2024-12-23 12:30:49,044][train.py][line:330][INFO] Epoch:[113/230]	 Test acc=96.181
[2024-12-23 12:30:49,045][train.py][line:339][INFO] Best Test acc=96.181
[2024-12-23 12:31:20,070][train.py][line:321][INFO] Epoch:[114/230]	 loss=60.05730	 acc=95.748
[2024-12-23 12:31:29,017][train.py][line:330][INFO] Epoch:[114/230]	 Test acc=94.444
[2024-12-23 12:31:29,017][train.py][line:339][INFO] Best Test acc=96.181
[2024-12-23 12:31:59,894][train.py][line:321][INFO] Epoch:[115/230]	 loss=60.58900	 acc=96.003
[2024-12-23 12:32:08,825][train.py][line:330][INFO] Epoch:[115/230]	 Test acc=93.750
[2024-12-23 12:32:08,825][train.py][line:339][INFO] Best Test acc=96.181
[2024-12-23 12:32:39,728][train.py][line:321][INFO] Epoch:[116/230]	 loss=66.82893	 acc=94.728
[2024-12-23 12:32:48,803][train.py][line:330][INFO] Epoch:[116/230]	 Test acc=93.750
[2024-12-23 12:32:48,803][train.py][line:339][INFO] Best Test acc=96.181
[2024-12-23 12:33:19,612][train.py][line:321][INFO] Epoch:[117/230]	 loss=66.63054	 acc=95.578
[2024-12-23 12:33:28,358][train.py][line:330][INFO] Epoch:[117/230]	 Test acc=96.875
[2024-12-23 12:33:28,358][train.py][line:339][INFO] Best Test acc=96.875
[2024-12-23 12:33:59,647][train.py][line:321][INFO] Epoch:[118/230]	 loss=48.59958	 acc=97.449
[2024-12-23 12:34:08,591][train.py][line:330][INFO] Epoch:[118/230]	 Test acc=96.875
[2024-12-23 12:34:08,592][train.py][line:339][INFO] Best Test acc=96.875
[2024-12-23 12:34:38,779][train.py][line:321][INFO] Epoch:[119/230]	 loss=64.47024	 acc=95.238
[2024-12-23 12:34:47,553][train.py][line:330][INFO] Epoch:[119/230]	 Test acc=96.181
[2024-12-23 12:34:47,554][train.py][line:339][INFO] Best Test acc=96.875
[2024-12-23 12:35:18,429][train.py][line:321][INFO] Epoch:[120/230]	 loss=52.31168	 acc=96.854
[2024-12-23 12:35:27,357][train.py][line:330][INFO] Epoch:[120/230]	 Test acc=96.528
[2024-12-23 12:35:27,357][train.py][line:339][INFO] Best Test acc=96.875
[2024-12-23 12:35:58,152][train.py][line:321][INFO] Epoch:[121/230]	 loss=53.52908	 acc=96.259
[2024-12-23 12:36:06,940][train.py][line:330][INFO] Epoch:[121/230]	 Test acc=95.833
[2024-12-23 12:36:06,940][train.py][line:339][INFO] Best Test acc=96.875
[2024-12-23 12:36:37,965][train.py][line:321][INFO] Epoch:[122/230]	 loss=55.26445	 acc=95.408
[2024-12-23 12:36:46,707][train.py][line:330][INFO] Epoch:[122/230]	 Test acc=95.486
[2024-12-23 12:36:46,707][train.py][line:339][INFO] Best Test acc=96.875
[2024-12-23 12:37:17,810][train.py][line:321][INFO] Epoch:[123/230]	 loss=62.46752	 acc=95.578
[2024-12-23 12:37:26,699][train.py][line:330][INFO] Epoch:[123/230]	 Test acc=95.833
[2024-12-23 12:37:26,699][train.py][line:339][INFO] Best Test acc=96.875
[2024-12-23 12:37:57,467][train.py][line:321][INFO] Epoch:[124/230]	 loss=57.60543	 acc=96.088
[2024-12-23 12:38:06,291][train.py][line:330][INFO] Epoch:[124/230]	 Test acc=95.139
[2024-12-23 12:38:06,292][train.py][line:339][INFO] Best Test acc=96.875
[2024-12-23 12:38:37,028][train.py][line:321][INFO] Epoch:[125/230]	 loss=49.07521	 acc=97.194
[2024-12-23 12:38:45,873][train.py][line:330][INFO] Epoch:[125/230]	 Test acc=96.181
[2024-12-23 12:38:45,873][train.py][line:339][INFO] Best Test acc=96.875
[2024-12-23 12:39:16,907][train.py][line:321][INFO] Epoch:[126/230]	 loss=68.75783	 acc=93.793
[2024-12-23 12:39:25,676][train.py][line:330][INFO] Epoch:[126/230]	 Test acc=95.486
[2024-12-23 12:39:25,677][train.py][line:339][INFO] Best Test acc=96.875
[2024-12-23 12:39:56,199][train.py][line:321][INFO] Epoch:[127/230]	 loss=61.13782	 acc=94.303
[2024-12-23 12:40:05,041][train.py][line:330][INFO] Epoch:[127/230]	 Test acc=93.056
[2024-12-23 12:40:05,041][train.py][line:339][INFO] Best Test acc=96.875
[2024-12-23 12:40:35,555][train.py][line:321][INFO] Epoch:[128/230]	 loss=66.00812	 acc=94.898
[2024-12-23 12:40:44,212][train.py][line:330][INFO] Epoch:[128/230]	 Test acc=93.750
[2024-12-23 12:40:44,212][train.py][line:339][INFO] Best Test acc=96.875
[2024-12-23 12:41:15,103][train.py][line:321][INFO] Epoch:[129/230]	 loss=62.18365	 acc=95.153
[2024-12-23 12:41:24,012][train.py][line:330][INFO] Epoch:[129/230]	 Test acc=94.097
[2024-12-23 12:41:24,012][train.py][line:339][INFO] Best Test acc=96.875
[2024-12-23 12:41:55,068][train.py][line:321][INFO] Epoch:[130/230]	 loss=52.78491	 acc=97.364
[2024-12-23 12:42:03,853][train.py][line:330][INFO] Epoch:[130/230]	 Test acc=95.486
[2024-12-23 12:42:03,853][train.py][line:339][INFO] Best Test acc=96.875
[2024-12-23 12:42:34,609][train.py][line:321][INFO] Epoch:[131/230]	 loss=55.86567	 acc=96.003
[2024-12-23 12:42:43,389][train.py][line:330][INFO] Epoch:[131/230]	 Test acc=96.181
[2024-12-23 12:42:43,390][train.py][line:339][INFO] Best Test acc=96.875
[2024-12-23 12:43:14,291][train.py][line:321][INFO] Epoch:[132/230]	 loss=45.83406	 acc=97.279
[2024-12-23 12:43:23,196][train.py][line:330][INFO] Epoch:[132/230]	 Test acc=94.444
[2024-12-23 12:43:23,196][train.py][line:339][INFO] Best Test acc=96.875
[2024-12-23 12:43:54,037][train.py][line:321][INFO] Epoch:[133/230]	 loss=52.40712	 acc=96.259
[2024-12-23 12:44:02,750][train.py][line:330][INFO] Epoch:[133/230]	 Test acc=93.750
[2024-12-23 12:44:02,751][train.py][line:339][INFO] Best Test acc=96.875
[2024-12-23 12:44:33,143][train.py][line:321][INFO] Epoch:[134/230]	 loss=63.04311	 acc=94.898
[2024-12-23 12:44:41,916][train.py][line:330][INFO] Epoch:[134/230]	 Test acc=95.833
[2024-12-23 12:44:41,916][train.py][line:339][INFO] Best Test acc=96.875
[2024-12-23 12:45:12,943][train.py][line:321][INFO] Epoch:[135/230]	 loss=48.44715	 acc=97.024
[2024-12-23 12:45:21,751][train.py][line:330][INFO] Epoch:[135/230]	 Test acc=94.792
[2024-12-23 12:45:21,752][train.py][line:339][INFO] Best Test acc=96.875
[2024-12-23 12:45:52,715][train.py][line:321][INFO] Epoch:[136/230]	 loss=48.04163	 acc=97.364
[2024-12-23 12:46:01,563][train.py][line:330][INFO] Epoch:[136/230]	 Test acc=94.792
[2024-12-23 12:46:01,563][train.py][line:339][INFO] Best Test acc=96.875
[2024-12-23 12:46:32,440][train.py][line:321][INFO] Epoch:[137/230]	 loss=53.49216	 acc=96.259
[2024-12-23 12:46:41,304][train.py][line:330][INFO] Epoch:[137/230]	 Test acc=95.833
[2024-12-23 12:46:41,304][train.py][line:339][INFO] Best Test acc=96.875
[2024-12-23 12:47:12,512][train.py][line:321][INFO] Epoch:[138/230]	 loss=66.42396	 acc=94.558
[2024-12-23 12:47:21,319][train.py][line:330][INFO] Epoch:[138/230]	 Test acc=95.139
[2024-12-23 12:47:21,319][train.py][line:339][INFO] Best Test acc=96.875
[2024-12-23 12:47:52,577][train.py][line:321][INFO] Epoch:[139/230]	 loss=45.75882	 acc=97.789
[2024-12-23 12:48:01,506][train.py][line:330][INFO] Epoch:[139/230]	 Test acc=96.181
[2024-12-23 12:48:01,506][train.py][line:339][INFO] Best Test acc=96.875
[2024-12-23 12:48:32,204][train.py][line:321][INFO] Epoch:[140/230]	 loss=54.37942	 acc=96.259
[2024-12-23 12:48:41,114][train.py][line:330][INFO] Epoch:[140/230]	 Test acc=95.139
[2024-12-23 12:48:41,115][train.py][line:339][INFO] Best Test acc=96.875
[2024-12-23 12:49:12,071][train.py][line:321][INFO] Epoch:[141/230]	 loss=25.39821	 acc=99.575
[2024-12-23 12:49:20,856][train.py][line:330][INFO] Epoch:[141/230]	 Test acc=95.139
[2024-12-23 12:49:20,857][train.py][line:339][INFO] Best Test acc=96.875
[2024-12-23 12:49:51,872][train.py][line:321][INFO] Epoch:[142/230]	 loss=21.68926	 acc=99.660
[2024-12-23 12:50:00,670][train.py][line:330][INFO] Epoch:[142/230]	 Test acc=95.833
[2024-12-23 12:50:00,670][train.py][line:339][INFO] Best Test acc=96.875
[2024-12-23 12:50:31,658][train.py][line:321][INFO] Epoch:[143/230]	 loss=20.29145	 acc=99.915
[2024-12-23 12:50:40,663][train.py][line:330][INFO] Epoch:[143/230]	 Test acc=96.181
[2024-12-23 12:50:40,663][train.py][line:339][INFO] Best Test acc=96.875
[2024-12-23 12:51:11,703][train.py][line:321][INFO] Epoch:[144/230]	 loss=18.97122	 acc=100.000
[2024-12-23 12:51:20,661][train.py][line:330][INFO] Epoch:[144/230]	 Test acc=96.528
[2024-12-23 12:51:20,661][train.py][line:339][INFO] Best Test acc=96.875
[2024-12-23 12:51:51,782][train.py][line:321][INFO] Epoch:[145/230]	 loss=18.03910	 acc=99.915
[2024-12-23 12:52:00,605][train.py][line:330][INFO] Epoch:[145/230]	 Test acc=95.486
[2024-12-23 12:52:00,605][train.py][line:339][INFO] Best Test acc=96.875
[2024-12-23 12:52:31,512][train.py][line:321][INFO] Epoch:[146/230]	 loss=17.89503	 acc=99.915
[2024-12-23 12:52:40,201][train.py][line:330][INFO] Epoch:[146/230]	 Test acc=95.139
[2024-12-23 12:52:40,201][train.py][line:339][INFO] Best Test acc=96.875
[2024-12-23 12:53:11,337][train.py][line:321][INFO] Epoch:[147/230]	 loss=19.02928	 acc=99.915
[2024-12-23 12:53:20,190][train.py][line:330][INFO] Epoch:[147/230]	 Test acc=95.833
[2024-12-23 12:53:20,191][train.py][line:339][INFO] Best Test acc=96.875
[2024-12-23 12:53:51,956][train.py][line:321][INFO] Epoch:[148/230]	 loss=17.05855	 acc=99.915
[2024-12-23 12:54:00,789][train.py][line:330][INFO] Epoch:[148/230]	 Test acc=96.181
[2024-12-23 12:54:00,789][train.py][line:339][INFO] Best Test acc=96.875
[2024-12-23 12:54:31,827][train.py][line:321][INFO] Epoch:[149/230]	 loss=18.97862	 acc=99.830
[2024-12-23 12:54:40,773][train.py][line:330][INFO] Epoch:[149/230]	 Test acc=95.139
[2024-12-23 12:54:40,773][train.py][line:339][INFO] Best Test acc=96.875
[2024-12-23 12:55:04,130][train.py][line:321][INFO] Epoch:[150/230]	 loss=15.92932	 acc=100.000
[2024-12-23 12:55:12,975][train.py][line:330][INFO] Epoch:[150/230]	 Test acc=95.486
[2024-12-23 12:55:12,975][train.py][line:339][INFO] Best Test acc=96.875
[2024-12-23 12:55:36,470][train.py][line:321][INFO] Epoch:[151/230]	 loss=15.02648	 acc=100.000
[2024-12-23 12:55:45,361][train.py][line:330][INFO] Epoch:[151/230]	 Test acc=96.528
[2024-12-23 12:55:45,361][train.py][line:339][INFO] Best Test acc=96.875
[2024-12-23 12:56:08,966][train.py][line:321][INFO] Epoch:[152/230]	 loss=15.33760	 acc=100.000
[2024-12-23 12:56:17,717][train.py][line:330][INFO] Epoch:[152/230]	 Test acc=96.181
[2024-12-23 12:56:17,717][train.py][line:339][INFO] Best Test acc=96.875
[2024-12-23 12:56:41,355][train.py][line:321][INFO] Epoch:[153/230]	 loss=14.33340	 acc=100.000
[2024-12-23 12:56:50,289][train.py][line:330][INFO] Epoch:[153/230]	 Test acc=96.181
[2024-12-23 12:56:50,290][train.py][line:339][INFO] Best Test acc=96.875
[2024-12-23 12:57:13,783][train.py][line:321][INFO] Epoch:[154/230]	 loss=14.24098	 acc=99.915
[2024-12-23 12:57:22,682][train.py][line:330][INFO] Epoch:[154/230]	 Test acc=96.181
[2024-12-23 12:57:22,682][train.py][line:339][INFO] Best Test acc=96.875
[2024-12-23 12:57:46,079][train.py][line:321][INFO] Epoch:[155/230]	 loss=14.97906	 acc=99.915
[2024-12-23 12:57:54,909][train.py][line:330][INFO] Epoch:[155/230]	 Test acc=96.181
[2024-12-23 12:57:54,910][train.py][line:339][INFO] Best Test acc=96.875
[2024-12-23 12:58:18,226][train.py][line:321][INFO] Epoch:[156/230]	 loss=14.09396	 acc=100.000
[2024-12-23 12:58:27,116][train.py][line:330][INFO] Epoch:[156/230]	 Test acc=96.181
[2024-12-23 12:58:27,116][train.py][line:339][INFO] Best Test acc=96.875
[2024-12-23 12:58:50,567][train.py][line:321][INFO] Epoch:[157/230]	 loss=14.19281	 acc=100.000
[2024-12-23 12:58:59,482][train.py][line:330][INFO] Epoch:[157/230]	 Test acc=96.528
[2024-12-23 12:58:59,483][train.py][line:339][INFO] Best Test acc=96.875
[2024-12-23 12:59:22,832][train.py][line:321][INFO] Epoch:[158/230]	 loss=14.09679	 acc=100.000
[2024-12-23 12:59:31,679][train.py][line:330][INFO] Epoch:[158/230]	 Test acc=96.181
[2024-12-23 12:59:31,679][train.py][line:339][INFO] Best Test acc=96.875
[2024-12-23 12:59:55,188][train.py][line:321][INFO] Epoch:[159/230]	 loss=15.02840	 acc=100.000
[2024-12-23 13:00:04,061][train.py][line:330][INFO] Epoch:[159/230]	 Test acc=96.181
[2024-12-23 13:00:04,061][train.py][line:339][INFO] Best Test acc=96.875
[2024-12-23 13:00:27,620][train.py][line:321][INFO] Epoch:[160/230]	 loss=14.56153	 acc=99.915
[2024-12-23 13:00:36,476][train.py][line:330][INFO] Epoch:[160/230]	 Test acc=96.528
[2024-12-23 13:00:36,476][train.py][line:339][INFO] Best Test acc=96.875
[2024-12-23 13:01:00,019][train.py][line:321][INFO] Epoch:[161/230]	 loss=12.97247	 acc=100.000
[2024-12-23 13:01:09,035][train.py][line:330][INFO] Epoch:[161/230]	 Test acc=96.528
[2024-12-23 13:01:09,035][train.py][line:339][INFO] Best Test acc=96.875
[2024-12-23 13:01:32,567][train.py][line:321][INFO] Epoch:[162/230]	 loss=12.50608	 acc=100.000
[2024-12-23 13:01:41,619][train.py][line:330][INFO] Epoch:[162/230]	 Test acc=96.181
[2024-12-23 13:01:41,619][train.py][line:339][INFO] Best Test acc=96.875
[2024-12-23 13:02:05,231][train.py][line:321][INFO] Epoch:[163/230]	 loss=13.35619	 acc=100.000
[2024-12-23 13:02:13,995][train.py][line:330][INFO] Epoch:[163/230]	 Test acc=96.181
[2024-12-23 13:02:13,995][train.py][line:339][INFO] Best Test acc=96.875
[2024-12-23 13:02:37,298][train.py][line:321][INFO] Epoch:[164/230]	 loss=12.37528	 acc=99.915
[2024-12-23 13:02:46,012][train.py][line:330][INFO] Epoch:[164/230]	 Test acc=96.528
[2024-12-23 13:02:46,012][train.py][line:339][INFO] Best Test acc=96.875
[2024-12-23 13:03:09,720][train.py][line:321][INFO] Epoch:[165/230]	 loss=13.85779	 acc=100.000
[2024-12-23 13:03:18,608][train.py][line:330][INFO] Epoch:[165/230]	 Test acc=96.528
[2024-12-23 13:03:18,608][train.py][line:339][INFO] Best Test acc=96.875
[2024-12-23 13:03:42,132][train.py][line:321][INFO] Epoch:[166/230]	 loss=11.51351	 acc=100.000
[2024-12-23 13:03:50,988][train.py][line:330][INFO] Epoch:[166/230]	 Test acc=96.528
[2024-12-23 13:03:50,989][train.py][line:339][INFO] Best Test acc=96.875
[2024-12-23 13:04:14,554][train.py][line:321][INFO] Epoch:[167/230]	 loss=11.30359	 acc=100.000
[2024-12-23 13:04:23,393][train.py][line:330][INFO] Epoch:[167/230]	 Test acc=96.875
[2024-12-23 13:04:23,393][train.py][line:339][INFO] Best Test acc=96.875
[2024-12-23 13:04:46,928][train.py][line:321][INFO] Epoch:[168/230]	 loss=10.92644	 acc=100.000
[2024-12-23 13:04:55,775][train.py][line:330][INFO] Epoch:[168/230]	 Test acc=96.528
[2024-12-23 13:04:55,775][train.py][line:339][INFO] Best Test acc=96.875
[2024-12-23 13:05:19,263][train.py][line:321][INFO] Epoch:[169/230]	 loss=11.92312	 acc=100.000
[2024-12-23 13:05:28,156][train.py][line:330][INFO] Epoch:[169/230]	 Test acc=95.139
[2024-12-23 13:05:28,156][train.py][line:339][INFO] Best Test acc=96.875
[2024-12-23 13:05:51,665][train.py][line:321][INFO] Epoch:[170/230]	 loss=11.40470	 acc=100.000
[2024-12-23 13:06:00,552][train.py][line:330][INFO] Epoch:[170/230]	 Test acc=96.528
[2024-12-23 13:06:00,553][train.py][line:339][INFO] Best Test acc=96.875
[2024-12-23 13:06:23,953][train.py][line:321][INFO] Epoch:[171/230]	 loss=11.29563	 acc=100.000
[2024-12-23 13:06:32,735][train.py][line:330][INFO] Epoch:[171/230]	 Test acc=95.833
[2024-12-23 13:06:32,735][train.py][line:339][INFO] Best Test acc=96.875
[2024-12-23 13:06:56,043][train.py][line:321][INFO] Epoch:[172/230]	 loss=11.06529	 acc=100.000
[2024-12-23 13:07:04,890][train.py][line:330][INFO] Epoch:[172/230]	 Test acc=97.222
[2024-12-23 13:07:04,890][train.py][line:339][INFO] Best Test acc=97.222
[2024-12-23 13:07:28,314][train.py][line:321][INFO] Epoch:[173/230]	 loss=11.22582	 acc=99.915
[2024-12-23 13:07:37,133][train.py][line:330][INFO] Epoch:[173/230]	 Test acc=96.528
[2024-12-23 13:07:37,133][train.py][line:339][INFO] Best Test acc=97.222
[2024-12-23 13:08:00,672][train.py][line:321][INFO] Epoch:[174/230]	 loss=10.93106	 acc=100.000
[2024-12-23 13:08:09,510][train.py][line:330][INFO] Epoch:[174/230]	 Test acc=96.181
[2024-12-23 13:08:09,510][train.py][line:339][INFO] Best Test acc=97.222
[2024-12-23 13:08:32,965][train.py][line:321][INFO] Epoch:[175/230]	 loss=10.69551	 acc=99.915
[2024-12-23 13:08:41,893][train.py][line:330][INFO] Epoch:[175/230]	 Test acc=96.528
[2024-12-23 13:08:41,893][train.py][line:339][INFO] Best Test acc=97.222
[2024-12-23 13:09:05,442][train.py][line:321][INFO] Epoch:[176/230]	 loss=10.92194	 acc=100.000
[2024-12-23 13:09:14,308][train.py][line:330][INFO] Epoch:[176/230]	 Test acc=96.528
[2024-12-23 13:09:14,308][train.py][line:339][INFO] Best Test acc=97.222
[2024-12-23 13:09:37,844][train.py][line:321][INFO] Epoch:[177/230]	 loss=10.93382	 acc=100.000
[2024-12-23 13:09:46,698][train.py][line:330][INFO] Epoch:[177/230]	 Test acc=96.875
[2024-12-23 13:09:46,698][train.py][line:339][INFO] Best Test acc=97.222
[2024-12-23 13:10:10,064][train.py][line:321][INFO] Epoch:[178/230]	 loss=10.70040	 acc=100.000
[2024-12-23 13:10:18,877][train.py][line:330][INFO] Epoch:[178/230]	 Test acc=95.833
[2024-12-23 13:10:18,877][train.py][line:339][INFO] Best Test acc=97.222
[2024-12-23 13:10:42,298][train.py][line:321][INFO] Epoch:[179/230]	 loss=10.70448	 acc=100.000
[2024-12-23 13:10:51,053][train.py][line:330][INFO] Epoch:[179/230]	 Test acc=95.833
[2024-12-23 13:10:51,054][train.py][line:339][INFO] Best Test acc=97.222
[2024-12-23 13:11:14,199][train.py][line:321][INFO] Epoch:[180/230]	 loss=9.94396	 acc=100.000
[2024-12-23 13:11:23,057][train.py][line:330][INFO] Epoch:[180/230]	 Test acc=96.181
[2024-12-23 13:11:23,057][train.py][line:339][INFO] Best Test acc=97.222
[2024-12-23 13:11:46,289][train.py][line:321][INFO] Epoch:[181/230]	 loss=9.45235	 acc=100.000
[2024-12-23 13:11:55,056][train.py][line:330][INFO] Epoch:[181/230]	 Test acc=96.181
[2024-12-23 13:11:55,057][train.py][line:339][INFO] Best Test acc=97.222
[2024-12-23 13:12:18,493][train.py][line:321][INFO] Epoch:[182/230]	 loss=9.09499	 acc=100.000
[2024-12-23 13:12:27,479][train.py][line:330][INFO] Epoch:[182/230]	 Test acc=96.528
[2024-12-23 13:12:27,479][train.py][line:339][INFO] Best Test acc=97.222
[2024-12-23 13:12:50,600][train.py][line:321][INFO] Epoch:[183/230]	 loss=10.01022	 acc=100.000
[2024-12-23 13:12:59,617][train.py][line:330][INFO] Epoch:[183/230]	 Test acc=96.875
[2024-12-23 13:12:59,617][train.py][line:339][INFO] Best Test acc=97.222
[2024-12-23 13:13:22,571][train.py][line:321][INFO] Epoch:[184/230]	 loss=9.86995	 acc=100.000
[2024-12-23 13:13:31,401][train.py][line:330][INFO] Epoch:[184/230]	 Test acc=95.833
[2024-12-23 13:13:31,401][train.py][line:339][INFO] Best Test acc=97.222
[2024-12-23 13:13:54,627][train.py][line:321][INFO] Epoch:[185/230]	 loss=8.71868	 acc=100.000
[2024-12-23 13:14:03,409][train.py][line:330][INFO] Epoch:[185/230]	 Test acc=95.833
[2024-12-23 13:14:03,410][train.py][line:339][INFO] Best Test acc=97.222
[2024-12-23 13:14:26,848][train.py][line:321][INFO] Epoch:[186/230]	 loss=9.64859	 acc=100.000
[2024-12-23 13:14:35,819][train.py][line:330][INFO] Epoch:[186/230]	 Test acc=96.528
[2024-12-23 13:14:35,819][train.py][line:339][INFO] Best Test acc=97.222
[2024-12-23 13:14:59,147][train.py][line:321][INFO] Epoch:[187/230]	 loss=9.13110	 acc=100.000
[2024-12-23 13:15:07,984][train.py][line:330][INFO] Epoch:[187/230]	 Test acc=97.222
[2024-12-23 13:15:07,984][train.py][line:339][INFO] Best Test acc=97.222
[2024-12-23 13:15:31,343][train.py][line:321][INFO] Epoch:[188/230]	 loss=9.70366	 acc=100.000
[2024-12-23 13:15:40,163][train.py][line:330][INFO] Epoch:[188/230]	 Test acc=96.528
[2024-12-23 13:15:40,163][train.py][line:339][INFO] Best Test acc=97.222
[2024-12-23 13:16:03,666][train.py][line:321][INFO] Epoch:[189/230]	 loss=8.55867	 acc=100.000
[2024-12-23 13:16:12,542][train.py][line:330][INFO] Epoch:[189/230]	 Test acc=96.181
[2024-12-23 13:16:12,542][train.py][line:339][INFO] Best Test acc=97.222
[2024-12-23 13:16:35,907][train.py][line:321][INFO] Epoch:[190/230]	 loss=8.64554	 acc=100.000
[2024-12-23 13:16:44,742][train.py][line:330][INFO] Epoch:[190/230]	 Test acc=96.528
[2024-12-23 13:16:44,743][train.py][line:339][INFO] Best Test acc=97.222
[2024-12-23 13:17:08,293][train.py][line:321][INFO] Epoch:[191/230]	 loss=9.27283	 acc=100.000
[2024-12-23 13:17:17,337][train.py][line:330][INFO] Epoch:[191/230]	 Test acc=96.528
[2024-12-23 13:17:17,338][train.py][line:339][INFO] Best Test acc=97.222
[2024-12-23 13:17:40,739][train.py][line:321][INFO] Epoch:[192/230]	 loss=8.57420	 acc=100.000
[2024-12-23 13:17:49,739][train.py][line:330][INFO] Epoch:[192/230]	 Test acc=96.181
[2024-12-23 13:17:49,739][train.py][line:339][INFO] Best Test acc=97.222
[2024-12-23 13:18:13,055][train.py][line:321][INFO] Epoch:[193/230]	 loss=8.25437	 acc=100.000
[2024-12-23 13:18:21,914][train.py][line:330][INFO] Epoch:[193/230]	 Test acc=96.528
[2024-12-23 13:18:21,915][train.py][line:339][INFO] Best Test acc=97.222
[2024-12-23 13:18:45,410][train.py][line:321][INFO] Epoch:[194/230]	 loss=8.99414	 acc=100.000
[2024-12-23 13:18:54,306][train.py][line:330][INFO] Epoch:[194/230]	 Test acc=97.222
[2024-12-23 13:18:54,306][train.py][line:339][INFO] Best Test acc=97.222
[2024-12-23 13:19:17,620][train.py][line:321][INFO] Epoch:[195/230]	 loss=9.01647	 acc=100.000
[2024-12-23 13:19:26,484][train.py][line:330][INFO] Epoch:[195/230]	 Test acc=96.181
[2024-12-23 13:19:26,484][train.py][line:339][INFO] Best Test acc=97.222
[2024-12-23 13:19:49,965][train.py][line:321][INFO] Epoch:[196/230]	 loss=8.14820	 acc=100.000
[2024-12-23 13:19:58,879][train.py][line:330][INFO] Epoch:[196/230]	 Test acc=96.528
[2024-12-23 13:19:58,880][train.py][line:339][INFO] Best Test acc=97.222
[2024-12-23 13:20:22,212][train.py][line:321][INFO] Epoch:[197/230]	 loss=8.37825	 acc=99.915
[2024-12-23 13:20:31,262][train.py][line:330][INFO] Epoch:[197/230]	 Test acc=95.833
[2024-12-23 13:20:31,262][train.py][line:339][INFO] Best Test acc=97.222
[2024-12-23 13:20:54,688][train.py][line:321][INFO] Epoch:[198/230]	 loss=8.59354	 acc=100.000
[2024-12-23 13:21:03,619][train.py][line:330][INFO] Epoch:[198/230]	 Test acc=96.875
[2024-12-23 13:21:03,619][train.py][line:339][INFO] Best Test acc=97.222
[2024-12-23 13:21:27,102][train.py][line:321][INFO] Epoch:[199/230]	 loss=8.63506	 acc=100.000
[2024-12-23 13:21:36,018][train.py][line:330][INFO] Epoch:[199/230]	 Test acc=96.181
[2024-12-23 13:21:36,018][train.py][line:339][INFO] Best Test acc=97.222
[2024-12-23 13:21:59,467][train.py][line:321][INFO] Epoch:[200/230]	 loss=8.49951	 acc=100.000
[2024-12-23 13:22:08,211][train.py][line:330][INFO] Epoch:[200/230]	 Test acc=96.181
[2024-12-23 13:22:08,211][train.py][line:339][INFO] Best Test acc=97.222
[2024-12-23 13:22:31,553][train.py][line:321][INFO] Epoch:[201/230]	 loss=8.05122	 acc=100.000
[2024-12-23 13:22:40,428][train.py][line:330][INFO] Epoch:[201/230]	 Test acc=97.222
[2024-12-23 13:22:40,428][train.py][line:339][INFO] Best Test acc=97.222
[2024-12-23 13:23:03,864][train.py][line:321][INFO] Epoch:[202/230]	 loss=7.93650	 acc=100.000
[2024-12-23 13:23:12,814][train.py][line:330][INFO] Epoch:[202/230]	 Test acc=96.181
[2024-12-23 13:23:12,814][train.py][line:339][INFO] Best Test acc=97.222
[2024-12-23 13:23:36,419][train.py][line:321][INFO] Epoch:[203/230]	 loss=7.87890	 acc=100.000
[2024-12-23 13:23:45,399][train.py][line:330][INFO] Epoch:[203/230]	 Test acc=96.181
[2024-12-23 13:23:45,399][train.py][line:339][INFO] Best Test acc=97.222
[2024-12-23 13:24:08,777][train.py][line:321][INFO] Epoch:[204/230]	 loss=8.35845	 acc=100.000
[2024-12-23 13:24:17,594][train.py][line:330][INFO] Epoch:[204/230]	 Test acc=96.181
[2024-12-23 13:24:17,595][train.py][line:339][INFO] Best Test acc=97.222
[2024-12-23 13:24:41,134][train.py][line:321][INFO] Epoch:[205/230]	 loss=8.06242	 acc=100.000
[2024-12-23 13:24:50,184][train.py][line:330][INFO] Epoch:[205/230]	 Test acc=96.875
[2024-12-23 13:24:50,184][train.py][line:339][INFO] Best Test acc=97.222
[2024-12-23 13:25:13,540][train.py][line:321][INFO] Epoch:[206/230]	 loss=8.40894	 acc=100.000
[2024-12-23 13:25:22,593][train.py][line:330][INFO] Epoch:[206/230]	 Test acc=96.528
[2024-12-23 13:25:22,593][train.py][line:339][INFO] Best Test acc=97.222
[2024-12-23 13:25:46,238][train.py][line:321][INFO] Epoch:[207/230]	 loss=8.21739	 acc=100.000
[2024-12-23 13:25:54,952][train.py][line:330][INFO] Epoch:[207/230]	 Test acc=96.528
[2024-12-23 13:25:54,952][train.py][line:339][INFO] Best Test acc=97.222
[2024-12-23 13:26:18,367][train.py][line:321][INFO] Epoch:[208/230]	 loss=8.26385	 acc=100.000
[2024-12-23 13:26:27,172][train.py][line:330][INFO] Epoch:[208/230]	 Test acc=96.528
[2024-12-23 13:26:27,172][train.py][line:339][INFO] Best Test acc=97.222
[2024-12-23 13:26:50,718][train.py][line:321][INFO] Epoch:[209/230]	 loss=7.67901	 acc=100.000
[2024-12-23 13:26:59,549][train.py][line:330][INFO] Epoch:[209/230]	 Test acc=97.222
[2024-12-23 13:26:59,550][train.py][line:339][INFO] Best Test acc=97.222
[2024-12-23 13:27:22,845][train.py][line:321][INFO] Epoch:[210/230]	 loss=7.87242	 acc=100.000
[2024-12-23 13:27:31,730][train.py][line:330][INFO] Epoch:[210/230]	 Test acc=96.528
[2024-12-23 13:27:31,731][train.py][line:339][INFO] Best Test acc=97.222
[2024-12-23 13:27:55,022][train.py][line:321][INFO] Epoch:[211/230]	 loss=8.54650	 acc=100.000
[2024-12-23 13:28:03,918][train.py][line:330][INFO] Epoch:[211/230]	 Test acc=96.181
[2024-12-23 13:28:03,918][train.py][line:339][INFO] Best Test acc=97.222
[2024-12-23 13:28:27,133][train.py][line:321][INFO] Epoch:[212/230]	 loss=7.74440	 acc=100.000
[2024-12-23 13:28:36,090][train.py][line:330][INFO] Epoch:[212/230]	 Test acc=96.528
[2024-12-23 13:28:36,091][train.py][line:339][INFO] Best Test acc=97.222
[2024-12-23 13:28:59,492][train.py][line:321][INFO] Epoch:[213/230]	 loss=8.08401	 acc=100.000
[2024-12-23 13:29:08,312][train.py][line:330][INFO] Epoch:[213/230]	 Test acc=96.875
[2024-12-23 13:29:08,313][train.py][line:339][INFO] Best Test acc=97.222
[2024-12-23 13:29:31,638][train.py][line:321][INFO] Epoch:[214/230]	 loss=7.71263	 acc=100.000
[2024-12-23 13:29:40,525][train.py][line:330][INFO] Epoch:[214/230]	 Test acc=96.528
[2024-12-23 13:29:40,526][train.py][line:339][INFO] Best Test acc=97.222
[2024-12-23 13:30:04,004][train.py][line:321][INFO] Epoch:[215/230]	 loss=8.29663	 acc=100.000
[2024-12-23 13:30:12,832][train.py][line:330][INFO] Epoch:[215/230]	 Test acc=96.875
[2024-12-23 13:30:12,832][train.py][line:339][INFO] Best Test acc=97.222
[2024-12-23 13:30:36,206][train.py][line:321][INFO] Epoch:[216/230]	 loss=7.84655	 acc=100.000
[2024-12-23 13:30:45,092][train.py][line:330][INFO] Epoch:[216/230]	 Test acc=96.181
[2024-12-23 13:30:45,092][train.py][line:339][INFO] Best Test acc=97.222
[2024-12-23 13:31:08,562][train.py][line:321][INFO] Epoch:[217/230]	 loss=7.68237	 acc=100.000
[2024-12-23 13:31:17,256][train.py][line:330][INFO] Epoch:[217/230]	 Test acc=96.181
[2024-12-23 13:31:17,257][train.py][line:339][INFO] Best Test acc=97.222
[2024-12-23 13:31:40,737][train.py][line:321][INFO] Epoch:[218/230]	 loss=8.37921	 acc=100.000
[2024-12-23 13:31:49,676][train.py][line:330][INFO] Epoch:[218/230]	 Test acc=96.528
[2024-12-23 13:31:49,676][train.py][line:339][INFO] Best Test acc=97.222
[2024-12-23 13:32:13,219][train.py][line:321][INFO] Epoch:[219/230]	 loss=7.63939	 acc=100.000
[2024-12-23 13:32:22,029][train.py][line:330][INFO] Epoch:[219/230]	 Test acc=96.875
[2024-12-23 13:32:22,029][train.py][line:339][INFO] Best Test acc=97.222
[2024-12-23 13:32:45,446][train.py][line:321][INFO] Epoch:[220/230]	 loss=8.69444	 acc=100.000
[2024-12-23 13:32:54,198][train.py][line:330][INFO] Epoch:[220/230]	 Test acc=96.528
[2024-12-23 13:32:54,198][train.py][line:339][INFO] Best Test acc=97.222
[2024-12-23 13:33:17,657][train.py][line:321][INFO] Epoch:[221/230]	 loss=7.52813	 acc=100.000
[2024-12-23 13:33:26,648][train.py][line:330][INFO] Epoch:[221/230]	 Test acc=96.528
[2024-12-23 13:33:26,648][train.py][line:339][INFO] Best Test acc=97.222
[2024-12-23 13:33:50,271][train.py][line:321][INFO] Epoch:[222/230]	 loss=7.82790	 acc=100.000
[2024-12-23 13:33:59,178][train.py][line:330][INFO] Epoch:[222/230]	 Test acc=96.181
[2024-12-23 13:33:59,178][train.py][line:339][INFO] Best Test acc=97.222
[2024-12-23 13:34:22,504][train.py][line:321][INFO] Epoch:[223/230]	 loss=8.26255	 acc=100.000
[2024-12-23 13:34:31,400][train.py][line:330][INFO] Epoch:[223/230]	 Test acc=96.528
[2024-12-23 13:34:31,400][train.py][line:339][INFO] Best Test acc=97.222
[2024-12-23 13:34:54,997][train.py][line:321][INFO] Epoch:[224/230]	 loss=7.90718	 acc=99.915
[2024-12-23 13:35:03,747][train.py][line:330][INFO] Epoch:[224/230]	 Test acc=96.181
[2024-12-23 13:35:03,747][train.py][line:339][INFO] Best Test acc=97.222
[2024-12-23 13:35:27,454][train.py][line:321][INFO] Epoch:[225/230]	 loss=8.12745	 acc=100.000
[2024-12-23 13:35:36,378][train.py][line:330][INFO] Epoch:[225/230]	 Test acc=96.875
[2024-12-23 13:35:36,378][train.py][line:339][INFO] Best Test acc=97.222
[2024-12-23 13:35:59,903][train.py][line:321][INFO] Epoch:[226/230]	 loss=7.54583	 acc=100.000
[2024-12-23 13:36:08,769][train.py][line:330][INFO] Epoch:[226/230]	 Test acc=96.528
[2024-12-23 13:36:08,769][train.py][line:339][INFO] Best Test acc=97.222
[2024-12-23 13:36:32,205][train.py][line:321][INFO] Epoch:[227/230]	 loss=8.00760	 acc=100.000
[2024-12-23 13:36:40,931][train.py][line:330][INFO] Epoch:[227/230]	 Test acc=96.875
[2024-12-23 13:36:40,931][train.py][line:339][INFO] Best Test acc=97.222
[2024-12-23 13:37:04,261][train.py][line:321][INFO] Epoch:[228/230]	 loss=7.65586	 acc=100.000
[2024-12-23 13:37:13,338][train.py][line:330][INFO] Epoch:[228/230]	 Test acc=96.181
[2024-12-23 13:37:13,339][train.py][line:339][INFO] Best Test acc=97.222
[2024-12-23 13:37:36,854][train.py][line:321][INFO] Epoch:[229/230]	 loss=7.84700	 acc=100.000
[2024-12-23 13:37:45,761][train.py][line:330][INFO] Epoch:[229/230]	 Test acc=96.528
[2024-12-23 13:37:45,762][train.py][line:339][INFO] Best Test acc=97.222
