[2024-09-03 14:46:04,864][train.py][line:201][INFO] start training!
[2024-09-03 14:48:33,872][train.py][line:207][INFO] Epoch:[230/500]	 loss=482.66322	 acc=87.212
[2024-09-03 14:48:46,178][train.py][line:212][INFO] Epoch:[230/500]	 Test acc=75.580
[2024-09-03 14:48:46,178][train.py][line:220][INFO] Best Test acc=75.900
[2024-09-03 14:51:03,597][train.py][line:207][INFO] Epoch:[231/500]	 loss=489.88427	 acc=86.968
[2024-09-03 14:51:16,073][train.py][line:212][INFO] Epoch:[231/500]	 Test acc=75.630
[2024-09-03 14:51:16,074][train.py][line:220][INFO] Best Test acc=75.900
[2024-09-03 14:53:33,728][train.py][line:207][INFO] Epoch:[232/500]	 loss=487.28674	 acc=87.192
[2024-09-03 14:53:45,967][train.py][line:212][INFO] Epoch:[232/500]	 Test acc=75.560
[2024-09-03 14:53:45,967][train.py][line:220][INFO] Best Test acc=75.900
[2024-09-03 14:56:03,277][train.py][line:207][INFO] Epoch:[233/500]	 loss=485.89951	 acc=87.192
[2024-09-03 14:56:15,507][train.py][line:212][INFO] Epoch:[233/500]	 Test acc=75.770
[2024-09-03 14:56:15,507][train.py][line:220][INFO] Best Test acc=75.900
[2024-09-03 14:58:33,051][train.py][line:207][INFO] Epoch:[234/500]	 loss=486.95698	 acc=86.924
[2024-09-03 14:58:45,305][train.py][line:212][INFO] Epoch:[234/500]	 Test acc=75.780
[2024-09-03 14:58:45,305][train.py][line:220][INFO] Best Test acc=75.900
[2024-09-03 15:01:02,906][train.py][line:207][INFO] Epoch:[235/500]	 loss=483.30578	 acc=87.352
[2024-09-03 15:01:15,152][train.py][line:212][INFO] Epoch:[235/500]	 Test acc=75.200
[2024-09-03 15:01:15,152][train.py][line:220][INFO] Best Test acc=75.900
[2024-09-03 15:03:32,367][train.py][line:207][INFO] Epoch:[236/500]	 loss=482.47332	 acc=87.266
[2024-09-03 15:03:44,607][train.py][line:212][INFO] Epoch:[236/500]	 Test acc=75.850
[2024-09-03 15:03:44,607][train.py][line:220][INFO] Best Test acc=75.900
[2024-09-03 15:06:03,528][train.py][line:207][INFO] Epoch:[237/500]	 loss=484.30427	 acc=87.258
[2024-09-03 15:06:16,345][train.py][line:212][INFO] Epoch:[237/500]	 Test acc=75.750
[2024-09-03 15:06:16,345][train.py][line:220][INFO] Best Test acc=75.900
[2024-09-03 15:08:40,627][train.py][line:207][INFO] Epoch:[238/500]	 loss=484.57675	 acc=87.102
[2024-09-03 15:08:53,070][train.py][line:212][INFO] Epoch:[238/500]	 Test acc=75.440
[2024-09-03 15:08:53,070][train.py][line:220][INFO] Best Test acc=75.900
[2024-09-03 15:11:15,636][train.py][line:207][INFO] Epoch:[239/500]	 loss=484.96723	 acc=87.204
[2024-09-03 15:11:28,146][train.py][line:212][INFO] Epoch:[239/500]	 Test acc=75.630
[2024-09-03 15:11:28,146][train.py][line:220][INFO] Best Test acc=75.900
[2024-09-03 15:13:50,788][train.py][line:207][INFO] Epoch:[240/500]	 loss=486.05049	 acc=87.182
[2024-09-03 15:14:03,405][train.py][line:212][INFO] Epoch:[240/500]	 Test acc=75.500
[2024-09-03 15:14:03,406][train.py][line:220][INFO] Best Test acc=75.900
[2024-09-03 15:16:24,000][train.py][line:207][INFO] Epoch:[241/500]	 loss=488.79320	 acc=86.978
[2024-09-03 15:16:36,460][train.py][line:212][INFO] Epoch:[241/500]	 Test acc=75.030
[2024-09-03 15:16:36,460][train.py][line:220][INFO] Best Test acc=75.900
[2024-09-03 15:18:57,472][train.py][line:207][INFO] Epoch:[242/500]	 loss=484.25372	 acc=87.102
[2024-09-03 15:19:09,751][train.py][line:212][INFO] Epoch:[242/500]	 Test acc=75.850
[2024-09-03 15:19:09,752][train.py][line:220][INFO] Best Test acc=75.900
[2024-09-03 15:21:28,091][train.py][line:207][INFO] Epoch:[243/500]	 loss=493.53120	 acc=86.808
[2024-09-03 15:21:40,339][train.py][line:212][INFO] Epoch:[243/500]	 Test acc=75.270
[2024-09-03 15:21:40,340][train.py][line:220][INFO] Best Test acc=75.900
[2024-09-03 15:23:57,835][train.py][line:207][INFO] Epoch:[244/500]	 loss=488.68654	 acc=86.982
[2024-09-03 15:24:10,168][train.py][line:212][INFO] Epoch:[244/500]	 Test acc=75.640
[2024-09-03 15:24:10,168][train.py][line:220][INFO] Best Test acc=75.900
[2024-09-03 15:26:36,627][train.py][line:207][INFO] Epoch:[245/500]	 loss=484.06578	 acc=87.152
[2024-09-03 15:26:49,155][train.py][line:212][INFO] Epoch:[245/500]	 Test acc=75.190
[2024-09-03 15:26:49,155][train.py][line:220][INFO] Best Test acc=75.900
[2024-09-03 15:29:07,516][train.py][line:207][INFO] Epoch:[246/500]	 loss=483.24989	 acc=87.252
[2024-09-03 15:29:20,131][train.py][line:212][INFO] Epoch:[246/500]	 Test acc=75.730
[2024-09-03 15:29:20,131][train.py][line:220][INFO] Best Test acc=75.900
[2024-09-03 15:31:40,089][train.py][line:207][INFO] Epoch:[247/500]	 loss=499.12904	 acc=86.780
[2024-09-03 15:31:53,443][train.py][line:212][INFO] Epoch:[247/500]	 Test acc=75.390
[2024-09-03 15:31:53,443][train.py][line:220][INFO] Best Test acc=75.900
[2024-09-03 15:34:13,517][train.py][line:207][INFO] Epoch:[248/500]	 loss=494.67994	 acc=87.028
[2024-09-03 15:34:26,928][train.py][line:212][INFO] Epoch:[248/500]	 Test acc=75.480
[2024-09-03 15:34:26,928][train.py][line:220][INFO] Best Test acc=75.900
[2024-09-03 15:36:53,395][train.py][line:207][INFO] Epoch:[249/500]	 loss=498.91171	 acc=86.746
[2024-09-03 15:37:05,608][train.py][line:212][INFO] Epoch:[249/500]	 Test acc=75.690
[2024-09-03 15:37:05,608][train.py][line:220][INFO] Best Test acc=75.900
[2024-09-03 15:39:30,243][train.py][line:207][INFO] Epoch:[250/500]	 loss=501.32631	 acc=86.604
[2024-09-03 15:39:42,568][train.py][line:212][INFO] Epoch:[250/500]	 Test acc=75.290
[2024-09-03 15:39:42,568][train.py][line:220][INFO] Best Test acc=75.900
[2024-09-03 15:42:01,187][train.py][line:207][INFO] Epoch:[251/500]	 loss=498.41464	 acc=86.788
[2024-09-03 15:42:13,826][train.py][line:212][INFO] Epoch:[251/500]	 Test acc=75.490
[2024-09-03 15:42:13,826][train.py][line:220][INFO] Best Test acc=75.900
[2024-09-03 15:44:36,357][train.py][line:207][INFO] Epoch:[252/500]	 loss=489.39952	 acc=87.126
[2024-09-03 15:44:48,654][train.py][line:212][INFO] Epoch:[252/500]	 Test acc=75.530
[2024-09-03 15:44:48,654][train.py][line:220][INFO] Best Test acc=75.900
[2024-09-03 15:47:10,949][train.py][line:207][INFO] Epoch:[253/500]	 loss=499.45460	 acc=86.674
[2024-09-03 15:47:23,525][train.py][line:212][INFO] Epoch:[253/500]	 Test acc=75.610
[2024-09-03 15:47:23,525][train.py][line:220][INFO] Best Test acc=75.900
[2024-09-03 15:49:42,493][train.py][line:207][INFO] Epoch:[254/500]	 loss=497.92238	 acc=86.694
[2024-09-03 15:49:54,866][train.py][line:212][INFO] Epoch:[254/500]	 Test acc=75.050
[2024-09-03 15:49:54,868][train.py][line:220][INFO] Best Test acc=75.900
[2024-09-03 15:52:16,098][train.py][line:207][INFO] Epoch:[255/500]	 loss=501.59690	 acc=86.622
[2024-09-03 15:52:28,491][train.py][line:212][INFO] Epoch:[255/500]	 Test acc=75.260
[2024-09-03 15:52:28,491][train.py][line:220][INFO] Best Test acc=75.900
[2024-09-03 15:54:49,224][train.py][line:207][INFO] Epoch:[256/500]	 loss=501.85336	 acc=86.624
[2024-09-03 15:55:02,113][train.py][line:212][INFO] Epoch:[256/500]	 Test acc=75.180
[2024-09-03 15:55:02,114][train.py][line:220][INFO] Best Test acc=75.900
[2024-09-03 15:57:29,118][train.py][line:207][INFO] Epoch:[257/500]	 loss=498.49367	 acc=86.568
[2024-09-03 15:57:43,300][train.py][line:212][INFO] Epoch:[257/500]	 Test acc=75.420
[2024-09-03 15:57:43,301][train.py][line:220][INFO] Best Test acc=75.900
[2024-09-03 16:00:03,313][train.py][line:207][INFO] Epoch:[258/500]	 loss=503.19069	 acc=86.460
[2024-09-03 16:00:15,669][train.py][line:212][INFO] Epoch:[258/500]	 Test acc=75.190
[2024-09-03 16:00:15,669][train.py][line:220][INFO] Best Test acc=75.900
[2024-09-03 16:02:38,362][train.py][line:207][INFO] Epoch:[259/500]	 loss=497.54683	 acc=86.788
[2024-09-03 16:02:51,001][train.py][line:212][INFO] Epoch:[259/500]	 Test acc=75.070
[2024-09-03 16:02:51,001][train.py][line:220][INFO] Best Test acc=75.900
[2024-09-03 16:05:13,513][train.py][line:207][INFO] Epoch:[260/500]	 loss=508.36640	 acc=86.394
[2024-09-03 16:05:26,389][train.py][line:212][INFO] Epoch:[260/500]	 Test acc=75.240
[2024-09-03 16:05:26,389][train.py][line:220][INFO] Best Test acc=75.900
[2024-09-03 16:07:46,150][train.py][line:207][INFO] Epoch:[261/500]	 loss=513.55852	 acc=86.164
[2024-09-03 16:07:58,493][train.py][line:212][INFO] Epoch:[261/500]	 Test acc=75.690
[2024-09-03 16:07:58,494][train.py][line:220][INFO] Best Test acc=75.900
[2024-09-03 16:10:17,125][train.py][line:207][INFO] Epoch:[262/500]	 loss=506.32558	 acc=86.440
[2024-09-03 16:10:29,430][train.py][line:212][INFO] Epoch:[262/500]	 Test acc=75.600
[2024-09-03 16:10:29,430][train.py][line:220][INFO] Best Test acc=75.900
[2024-09-03 16:12:47,449][train.py][line:207][INFO] Epoch:[263/500]	 loss=509.08520	 acc=86.406
[2024-09-03 16:12:59,697][train.py][line:212][INFO] Epoch:[263/500]	 Test acc=75.250
[2024-09-03 16:12:59,697][train.py][line:220][INFO] Best Test acc=75.900
[2024-09-03 16:15:17,865][train.py][line:207][INFO] Epoch:[264/500]	 loss=508.57730	 acc=86.406
[2024-09-03 16:15:30,202][train.py][line:212][INFO] Epoch:[264/500]	 Test acc=75.690
[2024-09-03 16:15:30,203][train.py][line:220][INFO] Best Test acc=75.900
[2024-09-03 16:17:52,537][train.py][line:207][INFO] Epoch:[265/500]	 loss=511.56458	 acc=86.432
[2024-09-03 16:18:05,512][train.py][line:212][INFO] Epoch:[265/500]	 Test acc=75.330
[2024-09-03 16:18:05,512][train.py][line:220][INFO] Best Test acc=75.900
[2024-09-03 16:20:29,467][train.py][line:207][INFO] Epoch:[266/500]	 loss=511.56751	 acc=86.036
[2024-09-03 16:20:41,909][train.py][line:212][INFO] Epoch:[266/500]	 Test acc=74.920
[2024-09-03 16:20:41,909][train.py][line:220][INFO] Best Test acc=75.900
[2024-09-03 16:23:02,483][train.py][line:207][INFO] Epoch:[267/500]	 loss=523.56614	 acc=85.796
[2024-09-03 16:23:16,008][train.py][line:212][INFO] Epoch:[267/500]	 Test acc=75.050
[2024-09-03 16:23:16,008][train.py][line:220][INFO] Best Test acc=75.900
[2024-09-03 16:25:47,869][train.py][line:207][INFO] Epoch:[268/500]	 loss=515.50836	 acc=86.144
[2024-09-03 16:26:01,377][train.py][line:212][INFO] Epoch:[268/500]	 Test acc=74.860
[2024-09-03 16:26:01,377][train.py][line:220][INFO] Best Test acc=75.900
[2024-09-03 16:28:33,216][train.py][line:207][INFO] Epoch:[269/500]	 loss=524.06984	 acc=85.820
[2024-09-03 16:28:46,784][train.py][line:212][INFO] Epoch:[269/500]	 Test acc=75.110
[2024-09-03 16:28:46,784][train.py][line:220][INFO] Best Test acc=75.900
[2024-09-03 16:31:18,025][train.py][line:207][INFO] Epoch:[270/500]	 loss=527.97241	 acc=85.840
[2024-09-03 16:31:31,534][train.py][line:212][INFO] Epoch:[270/500]	 Test acc=75.140
[2024-09-03 16:31:31,534][train.py][line:220][INFO] Best Test acc=75.900
[2024-09-03 16:34:02,882][train.py][line:207][INFO] Epoch:[271/500]	 loss=543.40273	 acc=85.222
[2024-09-03 16:34:16,406][train.py][line:212][INFO] Epoch:[271/500]	 Test acc=74.570
[2024-09-03 16:34:16,407][train.py][line:220][INFO] Best Test acc=75.900
[2024-09-03 16:36:47,545][train.py][line:207][INFO] Epoch:[272/500]	 loss=534.55880	 acc=85.556
[2024-09-03 16:37:01,067][train.py][line:212][INFO] Epoch:[272/500]	 Test acc=74.600
[2024-09-03 16:37:01,067][train.py][line:220][INFO] Best Test acc=75.900
[2024-09-03 16:39:32,229][train.py][line:207][INFO] Epoch:[273/500]	 loss=550.89568	 acc=85.010
[2024-09-03 16:39:45,752][train.py][line:212][INFO] Epoch:[273/500]	 Test acc=74.710
[2024-09-03 16:39:45,752][train.py][line:220][INFO] Best Test acc=75.900
[2024-09-03 16:42:17,143][train.py][line:207][INFO] Epoch:[274/500]	 loss=555.59035	 acc=84.688
[2024-09-03 16:42:30,666][train.py][line:212][INFO] Epoch:[274/500]	 Test acc=74.760
[2024-09-03 16:42:30,666][train.py][line:220][INFO] Best Test acc=75.900
[2024-09-03 16:45:01,320][train.py][line:207][INFO] Epoch:[275/500]	 loss=560.16562	 acc=84.846
[2024-09-03 16:45:14,820][train.py][line:212][INFO] Epoch:[275/500]	 Test acc=74.360
[2024-09-03 16:45:14,820][train.py][line:220][INFO] Best Test acc=75.900
[2024-09-03 16:47:46,050][train.py][line:207][INFO] Epoch:[276/500]	 loss=568.92652	 acc=84.368
[2024-09-03 16:47:59,567][train.py][line:212][INFO] Epoch:[276/500]	 Test acc=74.670
[2024-09-03 16:47:59,567][train.py][line:220][INFO] Best Test acc=75.900
[2024-09-03 16:50:30,936][train.py][line:207][INFO] Epoch:[277/500]	 loss=561.67213	 acc=84.556
[2024-09-03 16:50:44,436][train.py][line:212][INFO] Epoch:[277/500]	 Test acc=74.250
[2024-09-03 16:50:44,436][train.py][line:220][INFO] Best Test acc=75.900
[2024-09-03 16:53:05,877][train.py][line:207][INFO] Epoch:[278/500]	 loss=572.46261	 acc=84.234
[2024-09-03 16:53:18,377][train.py][line:212][INFO] Epoch:[278/500]	 Test acc=74.120
[2024-09-03 16:53:18,378][train.py][line:220][INFO] Best Test acc=75.900
[2024-09-03 16:55:36,018][train.py][line:207][INFO] Epoch:[279/500]	 loss=581.48444	 acc=84.068
[2024-09-03 16:55:48,506][train.py][line:212][INFO] Epoch:[279/500]	 Test acc=74.080
[2024-09-03 16:55:48,506][train.py][line:220][INFO] Best Test acc=75.900
[2024-09-03 16:58:08,390][train.py][line:207][INFO] Epoch:[280/500]	 loss=584.02095	 acc=83.910
[2024-09-03 16:58:21,005][train.py][line:212][INFO] Epoch:[280/500]	 Test acc=74.330
[2024-09-03 16:58:21,005][train.py][line:220][INFO] Best Test acc=75.900
[2024-09-03 17:00:40,463][train.py][line:207][INFO] Epoch:[281/500]	 loss=594.37389	 acc=83.604
[2024-09-03 17:00:52,790][train.py][line:212][INFO] Epoch:[281/500]	 Test acc=74.250
[2024-09-03 17:00:52,791][train.py][line:220][INFO] Best Test acc=75.900
[2024-09-03 17:03:15,531][train.py][line:207][INFO] Epoch:[282/500]	 loss=610.26512	 acc=83.048
[2024-09-03 17:03:29,350][train.py][line:212][INFO] Epoch:[282/500]	 Test acc=73.810
[2024-09-03 17:03:29,350][train.py][line:220][INFO] Best Test acc=75.900
[2024-09-03 17:05:53,626][train.py][line:207][INFO] Epoch:[283/500]	 loss=614.75050	 acc=82.810
[2024-09-03 17:06:06,609][train.py][line:212][INFO] Epoch:[283/500]	 Test acc=73.060
[2024-09-03 17:06:06,610][train.py][line:220][INFO] Best Test acc=75.900
[2024-09-03 17:08:30,038][train.py][line:207][INFO] Epoch:[284/500]	 loss=627.18474	 acc=82.528
[2024-09-03 17:08:42,675][train.py][line:212][INFO] Epoch:[284/500]	 Test acc=73.120
[2024-09-03 17:08:42,675][train.py][line:220][INFO] Best Test acc=75.900
[2024-09-03 17:11:04,381][train.py][line:207][INFO] Epoch:[285/500]	 loss=632.10673	 acc=82.180
[2024-09-03 17:11:17,430][train.py][line:212][INFO] Epoch:[285/500]	 Test acc=72.140
[2024-09-03 17:11:17,430][train.py][line:220][INFO] Best Test acc=75.900
[2024-09-03 17:13:44,286][train.py][line:207][INFO] Epoch:[286/500]	 loss=638.35147	 acc=82.134
[2024-09-03 17:13:56,795][train.py][line:212][INFO] Epoch:[286/500]	 Test acc=73.340
[2024-09-03 17:13:56,795][train.py][line:220][INFO] Best Test acc=75.900
[2024-09-03 17:16:17,612][train.py][line:207][INFO] Epoch:[287/500]	 loss=653.65428	 acc=81.604
[2024-09-03 17:16:30,008][train.py][line:212][INFO] Epoch:[287/500]	 Test acc=72.940
[2024-09-03 17:16:30,008][train.py][line:220][INFO] Best Test acc=75.900
[2024-09-03 17:18:53,280][train.py][line:207][INFO] Epoch:[288/500]	 loss=663.42076	 acc=81.434
[2024-09-03 17:19:06,525][train.py][line:212][INFO] Epoch:[288/500]	 Test acc=72.560
[2024-09-03 17:19:06,526][train.py][line:220][INFO] Best Test acc=75.900
[2024-09-03 17:21:27,573][train.py][line:207][INFO] Epoch:[289/500]	 loss=672.06693	 acc=80.940
[2024-09-03 17:21:40,073][train.py][line:212][INFO] Epoch:[289/500]	 Test acc=72.590
[2024-09-03 17:21:40,073][train.py][line:220][INFO] Best Test acc=75.900
[2024-09-03 17:23:59,825][train.py][line:207][INFO] Epoch:[290/500]	 loss=689.57928	 acc=80.446
[2024-09-03 17:24:12,084][train.py][line:212][INFO] Epoch:[290/500]	 Test acc=73.050
[2024-09-03 17:24:12,084][train.py][line:220][INFO] Best Test acc=75.900
[2024-09-03 17:26:30,553][train.py][line:207][INFO] Epoch:[291/500]	 loss=686.62683	 acc=80.546
[2024-09-03 17:26:42,655][train.py][line:212][INFO] Epoch:[291/500]	 Test acc=72.740
[2024-09-03 17:26:42,655][train.py][line:220][INFO] Best Test acc=75.900
[2024-09-03 17:28:59,425][train.py][line:207][INFO] Epoch:[292/500]	 loss=680.08204	 acc=80.678
[2024-09-03 17:29:11,588][train.py][line:212][INFO] Epoch:[292/500]	 Test acc=72.700
[2024-09-03 17:29:11,588][train.py][line:220][INFO] Best Test acc=75.900
[2024-09-03 17:31:27,842][train.py][line:207][INFO] Epoch:[293/500]	 loss=690.67115	 acc=80.354
[2024-09-03 17:31:39,927][train.py][line:212][INFO] Epoch:[293/500]	 Test acc=72.020
[2024-09-03 17:31:39,928][train.py][line:220][INFO] Best Test acc=75.900
[2024-09-03 17:33:56,193][train.py][line:207][INFO] Epoch:[294/500]	 loss=706.10249	 acc=79.858
[2024-09-03 17:34:08,306][train.py][line:212][INFO] Epoch:[294/500]	 Test acc=72.370
[2024-09-03 17:34:08,306][train.py][line:220][INFO] Best Test acc=75.900
[2024-09-03 17:36:24,287][train.py][line:207][INFO] Epoch:[295/500]	 loss=723.24838	 acc=79.256
[2024-09-03 17:36:36,387][train.py][line:212][INFO] Epoch:[295/500]	 Test acc=72.240
[2024-09-03 17:36:36,388][train.py][line:220][INFO] Best Test acc=75.900
[2024-09-03 17:38:52,197][train.py][line:207][INFO] Epoch:[296/500]	 loss=730.20828	 acc=78.952
[2024-09-03 17:39:04,283][train.py][line:212][INFO] Epoch:[296/500]	 Test acc=72.020
[2024-09-03 17:39:04,283][train.py][line:220][INFO] Best Test acc=75.900
[2024-09-03 17:41:20,127][train.py][line:207][INFO] Epoch:[297/500]	 loss=724.02191	 acc=79.246
[2024-09-03 17:41:32,210][train.py][line:212][INFO] Epoch:[297/500]	 Test acc=71.880
[2024-09-03 17:41:32,210][train.py][line:220][INFO] Best Test acc=75.900
[2024-09-03 17:43:48,156][train.py][line:207][INFO] Epoch:[298/500]	 loss=731.99551	 acc=78.950
[2024-09-03 17:44:00,230][train.py][line:212][INFO] Epoch:[298/500]	 Test acc=72.100
[2024-09-03 17:44:00,230][train.py][line:220][INFO] Best Test acc=75.900
[2024-09-03 17:46:15,896][train.py][line:207][INFO] Epoch:[299/500]	 loss=754.52094	 acc=78.100
[2024-09-03 17:46:27,989][train.py][line:212][INFO] Epoch:[299/500]	 Test acc=71.720
[2024-09-03 17:46:27,990][train.py][line:220][INFO] Best Test acc=75.900
[2024-09-03 17:48:43,837][train.py][line:207][INFO] Epoch:[300/500]	 loss=761.22368	 acc=78.098
[2024-09-03 17:48:55,910][train.py][line:212][INFO] Epoch:[300/500]	 Test acc=71.560
[2024-09-03 17:48:55,910][train.py][line:220][INFO] Best Test acc=75.900
[2024-09-03 17:51:11,654][train.py][line:207][INFO] Epoch:[301/500]	 loss=763.10945	 acc=77.852
[2024-09-03 17:51:23,744][train.py][line:212][INFO] Epoch:[301/500]	 Test acc=72.090
[2024-09-03 17:51:23,745][train.py][line:220][INFO] Best Test acc=75.900
[2024-09-03 17:53:39,629][train.py][line:207][INFO] Epoch:[302/500]	 loss=752.94253	 acc=78.338
[2024-09-03 17:53:51,707][train.py][line:212][INFO] Epoch:[302/500]	 Test acc=72.210
[2024-09-03 17:53:51,707][train.py][line:220][INFO] Best Test acc=75.900
[2024-09-03 17:56:07,487][train.py][line:207][INFO] Epoch:[303/500]	 loss=765.71812	 acc=77.686
[2024-09-03 17:56:19,562][train.py][line:212][INFO] Epoch:[303/500]	 Test acc=71.820
[2024-09-03 17:56:19,562][train.py][line:220][INFO] Best Test acc=75.900
[2024-09-03 17:58:35,542][train.py][line:207][INFO] Epoch:[304/500]	 loss=764.59577	 acc=77.848
[2024-09-03 17:58:47,626][train.py][line:212][INFO] Epoch:[304/500]	 Test acc=72.140
[2024-09-03 17:58:47,626][train.py][line:220][INFO] Best Test acc=75.900
[2024-09-03 18:01:03,569][train.py][line:207][INFO] Epoch:[305/500]	 loss=760.75171	 acc=77.848
[2024-09-03 18:01:15,641][train.py][line:212][INFO] Epoch:[305/500]	 Test acc=71.400
[2024-09-03 18:01:15,642][train.py][line:220][INFO] Best Test acc=75.900
[2024-09-03 18:03:31,652][train.py][line:207][INFO] Epoch:[306/500]	 loss=797.65110	 acc=76.636
[2024-09-03 18:03:43,842][train.py][line:212][INFO] Epoch:[306/500]	 Test acc=70.720
[2024-09-03 18:03:43,842][train.py][line:220][INFO] Best Test acc=75.900
[2024-09-03 18:05:59,862][train.py][line:207][INFO] Epoch:[307/500]	 loss=802.23788	 acc=76.742
[2024-09-03 18:06:11,942][train.py][line:212][INFO] Epoch:[307/500]	 Test acc=70.290
[2024-09-03 18:06:11,942][train.py][line:220][INFO] Best Test acc=75.900
[2024-09-03 18:08:27,919][train.py][line:207][INFO] Epoch:[308/500]	 loss=814.36768	 acc=75.996
[2024-09-03 18:08:40,003][train.py][line:212][INFO] Epoch:[308/500]	 Test acc=71.030
[2024-09-03 18:08:40,003][train.py][line:220][INFO] Best Test acc=75.900
[2024-09-03 18:10:56,061][train.py][line:207][INFO] Epoch:[309/500]	 loss=818.74119	 acc=75.852
[2024-09-03 18:11:08,159][train.py][line:212][INFO] Epoch:[309/500]	 Test acc=70.910
[2024-09-03 18:11:08,160][train.py][line:220][INFO] Best Test acc=75.900
[2024-09-03 18:13:24,043][train.py][line:207][INFO] Epoch:[310/500]	 loss=831.73526	 acc=75.502
[2024-09-03 18:13:36,119][train.py][line:212][INFO] Epoch:[310/500]	 Test acc=71.050
[2024-09-03 18:13:36,119][train.py][line:220][INFO] Best Test acc=75.900
[2024-09-03 18:15:52,153][train.py][line:207][INFO] Epoch:[311/500]	 loss=813.03025	 acc=76.176
[2024-09-03 18:16:04,251][train.py][line:212][INFO] Epoch:[311/500]	 Test acc=70.190
[2024-09-03 18:16:04,252][train.py][line:220][INFO] Best Test acc=75.900
[2024-09-03 18:18:20,218][train.py][line:207][INFO] Epoch:[312/500]	 loss=825.92964	 acc=75.740
[2024-09-03 18:18:32,304][train.py][line:212][INFO] Epoch:[312/500]	 Test acc=69.630
[2024-09-03 18:18:32,304][train.py][line:220][INFO] Best Test acc=75.900
[2024-09-03 18:20:49,346][train.py][line:207][INFO] Epoch:[313/500]	 loss=833.43429	 acc=75.356
[2024-09-03 18:21:01,447][train.py][line:212][INFO] Epoch:[313/500]	 Test acc=70.470
[2024-09-03 18:21:01,447][train.py][line:220][INFO] Best Test acc=75.900
[2024-09-03 18:23:17,572][train.py][line:207][INFO] Epoch:[314/500]	 loss=834.59701	 acc=75.260
[2024-09-03 18:23:29,669][train.py][line:212][INFO] Epoch:[314/500]	 Test acc=71.150
[2024-09-03 18:23:29,669][train.py][line:220][INFO] Best Test acc=75.900
[2024-09-03 18:25:46,276][train.py][line:207][INFO] Epoch:[315/500]	 loss=856.93493	 acc=74.654
[2024-09-03 18:25:58,740][train.py][line:212][INFO] Epoch:[315/500]	 Test acc=69.970
[2024-09-03 18:25:58,740][train.py][line:220][INFO] Best Test acc=75.900
[2024-09-03 18:28:16,336][train.py][line:207][INFO] Epoch:[316/500]	 loss=858.50728	 acc=74.688
[2024-09-03 18:28:28,770][train.py][line:212][INFO] Epoch:[316/500]	 Test acc=70.090
[2024-09-03 18:28:28,770][train.py][line:220][INFO] Best Test acc=75.900
[2024-09-03 18:30:46,935][train.py][line:207][INFO] Epoch:[317/500]	 loss=882.13961	 acc=74.020
[2024-09-03 18:30:59,317][train.py][line:212][INFO] Epoch:[317/500]	 Test acc=70.080
[2024-09-03 18:30:59,318][train.py][line:220][INFO] Best Test acc=75.900
[2024-09-03 18:33:18,749][train.py][line:207][INFO] Epoch:[318/500]	 loss=873.92689	 acc=73.996
[2024-09-03 18:33:31,136][train.py][line:212][INFO] Epoch:[318/500]	 Test acc=70.060
[2024-09-03 18:33:31,136][train.py][line:220][INFO] Best Test acc=75.900
[2024-09-03 18:35:52,288][train.py][line:207][INFO] Epoch:[319/500]	 loss=857.74369	 acc=74.478
[2024-09-03 18:36:04,578][train.py][line:212][INFO] Epoch:[319/500]	 Test acc=70.900
[2024-09-03 18:36:04,578][train.py][line:220][INFO] Best Test acc=75.900
[2024-09-03 18:38:28,549][train.py][line:207][INFO] Epoch:[320/500]	 loss=873.51540	 acc=73.942
[2024-09-03 18:38:41,763][train.py][line:212][INFO] Epoch:[320/500]	 Test acc=69.690
[2024-09-03 18:38:41,763][train.py][line:220][INFO] Best Test acc=75.900
[2024-09-03 18:41:09,766][train.py][line:207][INFO] Epoch:[321/500]	 loss=883.27864	 acc=73.546
[2024-09-03 18:41:23,075][train.py][line:212][INFO] Epoch:[321/500]	 Test acc=70.380
[2024-09-03 18:41:23,075][train.py][line:220][INFO] Best Test acc=75.900
[2024-09-03 18:43:42,178][train.py][line:207][INFO] Epoch:[322/500]	 loss=875.75358	 acc=73.858
[2024-09-03 18:43:54,530][train.py][line:212][INFO] Epoch:[322/500]	 Test acc=70.150
[2024-09-03 18:43:54,530][train.py][line:220][INFO] Best Test acc=75.900
[2024-09-03 18:46:13,640][train.py][line:207][INFO] Epoch:[323/500]	 loss=888.38490	 acc=73.630
[2024-09-03 18:46:26,860][train.py][line:212][INFO] Epoch:[323/500]	 Test acc=70.420
[2024-09-03 18:46:26,861][train.py][line:220][INFO] Best Test acc=75.900
[2024-09-03 18:48:45,222][train.py][line:207][INFO] Epoch:[324/500]	 loss=880.57757	 acc=73.696
[2024-09-03 18:48:57,434][train.py][line:212][INFO] Epoch:[324/500]	 Test acc=69.150
[2024-09-03 18:48:57,434][train.py][line:220][INFO] Best Test acc=75.900
[2024-09-03 18:51:14,789][train.py][line:207][INFO] Epoch:[325/500]	 loss=907.34413	 acc=72.664
[2024-09-03 18:51:26,983][train.py][line:212][INFO] Epoch:[325/500]	 Test acc=69.470
[2024-09-03 18:51:26,983][train.py][line:220][INFO] Best Test acc=75.900
[2024-09-03 18:53:44,199][train.py][line:207][INFO] Epoch:[326/500]	 loss=883.24779	 acc=73.574
[2024-09-03 18:53:56,398][train.py][line:212][INFO] Epoch:[326/500]	 Test acc=69.190
[2024-09-03 18:53:56,398][train.py][line:220][INFO] Best Test acc=75.900
[2024-09-03 18:56:13,709][train.py][line:207][INFO] Epoch:[327/500]	 loss=889.56812	 acc=73.400
[2024-09-03 18:56:26,070][train.py][line:212][INFO] Epoch:[327/500]	 Test acc=70.770
[2024-09-03 18:56:26,070][train.py][line:220][INFO] Best Test acc=75.900
[2024-09-03 18:58:48,464][train.py][line:207][INFO] Epoch:[328/500]	 loss=902.83625	 acc=72.962
[2024-09-03 18:59:01,196][train.py][line:212][INFO] Epoch:[328/500]	 Test acc=70.880
[2024-09-03 18:59:01,198][train.py][line:220][INFO] Best Test acc=75.900
[2024-09-03 19:01:18,858][train.py][line:207][INFO] Epoch:[329/500]	 loss=907.50300	 acc=72.574
[2024-09-03 19:01:31,080][train.py][line:212][INFO] Epoch:[329/500]	 Test acc=69.990
[2024-09-03 19:01:31,080][train.py][line:220][INFO] Best Test acc=75.900
[2024-09-03 19:03:48,209][train.py][line:207][INFO] Epoch:[330/500]	 loss=918.21551	 acc=72.568
[2024-09-03 19:04:00,423][train.py][line:212][INFO] Epoch:[330/500]	 Test acc=70.010
[2024-09-03 19:04:00,423][train.py][line:220][INFO] Best Test acc=75.900
[2024-09-03 19:06:18,079][train.py][line:207][INFO] Epoch:[331/500]	 loss=889.62929	 acc=73.268
[2024-09-03 19:06:30,323][train.py][line:212][INFO] Epoch:[331/500]	 Test acc=68.920
[2024-09-03 19:06:30,323][train.py][line:220][INFO] Best Test acc=75.900
[2024-09-03 19:08:48,045][train.py][line:207][INFO] Epoch:[332/500]	 loss=897.60803	 acc=72.966
[2024-09-03 19:09:00,266][train.py][line:212][INFO] Epoch:[332/500]	 Test acc=70.450
[2024-09-03 19:09:00,266][train.py][line:220][INFO] Best Test acc=75.900
[2024-09-03 19:11:17,900][train.py][line:207][INFO] Epoch:[333/500]	 loss=873.36454	 acc=73.774
[2024-09-03 19:11:30,110][train.py][line:212][INFO] Epoch:[333/500]	 Test acc=71.020
[2024-09-03 19:11:30,110][train.py][line:220][INFO] Best Test acc=75.900
[2024-09-03 19:13:47,620][train.py][line:207][INFO] Epoch:[334/500]	 loss=881.42738	 acc=73.496
[2024-09-03 19:13:59,883][train.py][line:212][INFO] Epoch:[334/500]	 Test acc=70.590
[2024-09-03 19:13:59,883][train.py][line:220][INFO] Best Test acc=75.900
[2024-09-03 19:16:18,396][train.py][line:207][INFO] Epoch:[335/500]	 loss=878.74839	 acc=73.250
[2024-09-03 19:16:31,145][train.py][line:212][INFO] Epoch:[335/500]	 Test acc=70.650
[2024-09-03 19:16:31,145][train.py][line:220][INFO] Best Test acc=75.900
[2024-09-03 19:18:53,409][train.py][line:207][INFO] Epoch:[336/500]	 loss=898.65573	 acc=72.908
[2024-09-03 19:19:05,640][train.py][line:212][INFO] Epoch:[336/500]	 Test acc=70.270
[2024-09-03 19:19:05,640][train.py][line:220][INFO] Best Test acc=75.900
[2024-09-03 19:21:36,576][train.py][line:207][INFO] Epoch:[337/500]	 loss=902.15157	 acc=72.796
[2024-09-03 19:21:49,713][train.py][line:212][INFO] Epoch:[337/500]	 Test acc=69.590
[2024-09-03 19:21:49,713][train.py][line:220][INFO] Best Test acc=75.900
[2024-09-03 19:24:18,451][train.py][line:207][INFO] Epoch:[338/500]	 loss=904.39143	 acc=72.650
[2024-09-03 19:24:31,498][train.py][line:212][INFO] Epoch:[338/500]	 Test acc=69.020
[2024-09-03 19:24:31,498][train.py][line:220][INFO] Best Test acc=75.900
[2024-09-03 19:27:01,395][train.py][line:207][INFO] Epoch:[339/500]	 loss=912.03492	 acc=72.388
[2024-09-03 19:27:14,433][train.py][line:212][INFO] Epoch:[339/500]	 Test acc=71.300
[2024-09-03 19:27:14,433][train.py][line:220][INFO] Best Test acc=75.900
[2024-09-03 19:29:40,566][train.py][line:207][INFO] Epoch:[340/500]	 loss=894.29411	 acc=72.970
[2024-09-03 19:29:53,591][train.py][line:212][INFO] Epoch:[340/500]	 Test acc=69.920
[2024-09-03 19:29:53,591][train.py][line:220][INFO] Best Test acc=75.900
[2024-09-03 19:32:17,853][train.py][line:207][INFO] Epoch:[341/500]	 loss=916.73932	 acc=72.126
[2024-09-03 19:32:29,970][train.py][line:212][INFO] Epoch:[341/500]	 Test acc=70.720
[2024-09-03 19:32:29,970][train.py][line:220][INFO] Best Test acc=75.900
[2024-09-03 19:34:48,809][train.py][line:207][INFO] Epoch:[342/500]	 loss=915.09866	 acc=72.456
[2024-09-03 19:35:01,625][train.py][line:212][INFO] Epoch:[342/500]	 Test acc=71.030
[2024-09-03 19:35:01,625][train.py][line:220][INFO] Best Test acc=75.900
[2024-09-03 19:37:19,815][train.py][line:207][INFO] Epoch:[343/500]	 loss=911.28312	 acc=72.540
[2024-09-03 19:37:32,566][train.py][line:212][INFO] Epoch:[343/500]	 Test acc=69.520
[2024-09-03 19:37:32,567][train.py][line:220][INFO] Best Test acc=75.900
[2024-09-03 19:39:50,992][train.py][line:207][INFO] Epoch:[344/500]	 loss=914.83138	 acc=72.364
[2024-09-03 19:40:03,097][train.py][line:212][INFO] Epoch:[344/500]	 Test acc=70.340
[2024-09-03 19:40:03,097][train.py][line:220][INFO] Best Test acc=75.900
[2024-09-03 19:42:22,627][train.py][line:207][INFO] Epoch:[345/500]	 loss=916.47559	 acc=72.336
[2024-09-03 19:42:35,174][train.py][line:212][INFO] Epoch:[345/500]	 Test acc=69.910
[2024-09-03 19:42:35,174][train.py][line:220][INFO] Best Test acc=75.900
[2024-09-03 19:44:53,051][train.py][line:207][INFO] Epoch:[346/500]	 loss=905.71200	 acc=72.668
[2024-09-03 19:45:05,547][train.py][line:212][INFO] Epoch:[346/500]	 Test acc=69.440
[2024-09-03 19:45:05,547][train.py][line:220][INFO] Best Test acc=75.900
[2024-09-03 19:47:25,351][train.py][line:207][INFO] Epoch:[347/500]	 loss=906.64695	 acc=72.636
[2024-09-03 19:47:37,903][train.py][line:212][INFO] Epoch:[347/500]	 Test acc=70.190
[2024-09-03 19:47:37,903][train.py][line:220][INFO] Best Test acc=75.900
[2024-09-03 19:49:57,422][train.py][line:207][INFO] Epoch:[348/500]	 loss=917.68644	 acc=72.336
[2024-09-03 19:50:10,205][train.py][line:212][INFO] Epoch:[348/500]	 Test acc=70.810
[2024-09-03 19:50:10,205][train.py][line:220][INFO] Best Test acc=75.900
[2024-09-03 19:52:31,848][train.py][line:207][INFO] Epoch:[349/500]	 loss=914.80973	 acc=72.360
[2024-09-03 19:52:44,408][train.py][line:212][INFO] Epoch:[349/500]	 Test acc=70.120
[2024-09-03 19:52:44,408][train.py][line:220][INFO] Best Test acc=75.900
[2024-09-03 19:55:02,075][train.py][line:207][INFO] Epoch:[350/500]	 loss=913.46838	 acc=72.502
[2024-09-03 19:55:14,442][train.py][line:212][INFO] Epoch:[350/500]	 Test acc=69.710
[2024-09-03 19:55:14,442][train.py][line:220][INFO] Best Test acc=75.900
[2024-09-03 19:57:30,839][train.py][line:207][INFO] Epoch:[351/500]	 loss=903.47075	 acc=72.798
[2024-09-03 19:57:42,968][train.py][line:212][INFO] Epoch:[351/500]	 Test acc=69.870
[2024-09-03 19:57:42,968][train.py][line:220][INFO] Best Test acc=75.900
[2024-09-03 19:59:59,989][train.py][line:207][INFO] Epoch:[352/500]	 loss=916.34679	 acc=72.366
[2024-09-03 20:00:12,248][train.py][line:212][INFO] Epoch:[352/500]	 Test acc=69.020
[2024-09-03 20:00:12,248][train.py][line:220][INFO] Best Test acc=75.900
[2024-09-03 20:02:28,979][train.py][line:207][INFO] Epoch:[353/500]	 loss=914.65581	 acc=72.520
[2024-09-03 20:02:41,085][train.py][line:212][INFO] Epoch:[353/500]	 Test acc=68.880
[2024-09-03 20:02:41,085][train.py][line:220][INFO] Best Test acc=75.900
[2024-09-03 20:04:58,475][train.py][line:207][INFO] Epoch:[354/500]	 loss=922.31448	 acc=72.276
[2024-09-03 20:05:10,759][train.py][line:212][INFO] Epoch:[354/500]	 Test acc=70.580
[2024-09-03 20:05:10,759][train.py][line:220][INFO] Best Test acc=75.900
[2024-09-03 20:07:28,108][train.py][line:207][INFO] Epoch:[355/500]	 loss=929.26146	 acc=71.898
[2024-09-03 20:07:40,238][train.py][line:212][INFO] Epoch:[355/500]	 Test acc=70.570
[2024-09-03 20:07:40,238][train.py][line:220][INFO] Best Test acc=75.900
[2024-09-03 20:09:57,171][train.py][line:207][INFO] Epoch:[356/500]	 loss=940.02661	 acc=71.626
[2024-09-03 20:10:09,380][train.py][line:212][INFO] Epoch:[356/500]	 Test acc=68.480
[2024-09-03 20:10:09,381][train.py][line:220][INFO] Best Test acc=75.900
[2024-09-03 20:12:28,880][train.py][line:207][INFO] Epoch:[357/500]	 loss=933.47392	 acc=71.916
[2024-09-03 20:12:41,512][train.py][line:212][INFO] Epoch:[357/500]	 Test acc=69.750
[2024-09-03 20:12:41,512][train.py][line:220][INFO] Best Test acc=75.900
[2024-09-03 20:15:02,304][train.py][line:207][INFO] Epoch:[358/500]	 loss=946.73974	 acc=71.568
[2024-09-03 20:15:16,055][train.py][line:212][INFO] Epoch:[358/500]	 Test acc=68.090
[2024-09-03 20:15:16,055][train.py][line:220][INFO] Best Test acc=75.900
[2024-09-03 20:17:38,784][train.py][line:207][INFO] Epoch:[359/500]	 loss=940.09271	 acc=71.550
[2024-09-03 20:17:50,978][train.py][line:212][INFO] Epoch:[359/500]	 Test acc=69.120
[2024-09-03 20:17:50,978][train.py][line:220][INFO] Best Test acc=75.900
[2024-09-03 20:20:07,633][train.py][line:207][INFO] Epoch:[360/500]	 loss=947.59843	 acc=71.408
[2024-09-03 20:20:19,751][train.py][line:212][INFO] Epoch:[360/500]	 Test acc=68.920
[2024-09-03 20:20:19,751][train.py][line:220][INFO] Best Test acc=75.900
[2024-09-03 20:22:36,648][train.py][line:207][INFO] Epoch:[361/500]	 loss=948.54225	 acc=71.210
[2024-09-03 20:22:48,788][train.py][line:212][INFO] Epoch:[361/500]	 Test acc=69.320
[2024-09-03 20:22:48,788][train.py][line:220][INFO] Best Test acc=75.900
[2024-09-03 20:25:05,485][train.py][line:207][INFO] Epoch:[362/500]	 loss=952.87303	 acc=71.138
[2024-09-03 20:25:17,883][train.py][line:212][INFO] Epoch:[362/500]	 Test acc=69.530
[2024-09-03 20:25:17,883][train.py][line:220][INFO] Best Test acc=75.900
[2024-09-03 20:27:36,555][train.py][line:207][INFO] Epoch:[363/500]	 loss=961.26835	 acc=71.036
[2024-09-03 20:27:48,660][train.py][line:212][INFO] Epoch:[363/500]	 Test acc=66.430
[2024-09-03 20:27:48,660][train.py][line:220][INFO] Best Test acc=75.900
[2024-09-03 20:30:04,848][train.py][line:207][INFO] Epoch:[364/500]	 loss=950.26150	 acc=71.436
[2024-09-03 20:30:16,959][train.py][line:212][INFO] Epoch:[364/500]	 Test acc=68.850
[2024-09-03 20:30:16,959][train.py][line:220][INFO] Best Test acc=75.900
[2024-09-03 20:32:33,794][train.py][line:207][INFO] Epoch:[365/500]	 loss=973.34912	 acc=70.732
[2024-09-03 20:32:46,249][train.py][line:212][INFO] Epoch:[365/500]	 Test acc=69.210
[2024-09-03 20:32:46,249][train.py][line:220][INFO] Best Test acc=75.900
[2024-09-03 20:35:06,773][train.py][line:207][INFO] Epoch:[366/500]	 loss=981.08814	 acc=70.262
[2024-09-03 20:35:20,055][train.py][line:212][INFO] Epoch:[366/500]	 Test acc=69.270
[2024-09-03 20:35:20,056][train.py][line:220][INFO] Best Test acc=75.900
[2024-09-03 20:37:40,195][train.py][line:207][INFO] Epoch:[367/500]	 loss=965.56371	 acc=70.890
[2024-09-03 20:37:52,317][train.py][line:212][INFO] Epoch:[367/500]	 Test acc=67.960
[2024-09-03 20:37:52,318][train.py][line:220][INFO] Best Test acc=75.900
[2024-09-03 20:40:10,629][train.py][line:207][INFO] Epoch:[368/500]	 loss=970.78374	 acc=70.834
[2024-09-03 20:40:22,757][train.py][line:212][INFO] Epoch:[368/500]	 Test acc=69.990
[2024-09-03 20:40:22,757][train.py][line:220][INFO] Best Test acc=75.900
[2024-09-03 20:42:39,550][train.py][line:207][INFO] Epoch:[369/500]	 loss=989.83820	 acc=70.118
[2024-09-03 20:42:51,832][train.py][line:212][INFO] Epoch:[369/500]	 Test acc=69.780
[2024-09-03 20:42:51,833][train.py][line:220][INFO] Best Test acc=75.900
[2024-09-03 20:45:11,013][train.py][line:207][INFO] Epoch:[370/500]	 loss=987.56520	 acc=70.138
[2024-09-03 20:45:23,189][train.py][line:212][INFO] Epoch:[370/500]	 Test acc=68.170
[2024-09-03 20:45:23,190][train.py][line:220][INFO] Best Test acc=75.900
[2024-09-03 20:47:41,297][train.py][line:207][INFO] Epoch:[371/500]	 loss=1005.26097	 acc=69.962
[2024-09-03 20:47:53,432][train.py][line:212][INFO] Epoch:[371/500]	 Test acc=68.240
[2024-09-03 20:47:53,432][train.py][line:220][INFO] Best Test acc=75.900
[2024-09-03 20:50:10,717][train.py][line:207][INFO] Epoch:[372/500]	 loss=996.42758	 acc=69.860
[2024-09-03 20:50:23,097][train.py][line:212][INFO] Epoch:[372/500]	 Test acc=68.580
[2024-09-03 20:50:23,097][train.py][line:220][INFO] Best Test acc=75.900
[2024-09-03 20:52:41,173][train.py][line:207][INFO] Epoch:[373/500]	 loss=1015.80183	 acc=69.246
[2024-09-03 20:52:53,451][train.py][line:212][INFO] Epoch:[373/500]	 Test acc=68.930
[2024-09-03 20:52:53,451][train.py][line:220][INFO] Best Test acc=75.900
[2024-09-03 20:55:11,027][train.py][line:207][INFO] Epoch:[374/500]	 loss=1022.66426	 acc=69.206
[2024-09-03 20:55:23,199][train.py][line:212][INFO] Epoch:[374/500]	 Test acc=67.390
[2024-09-03 20:55:23,200][train.py][line:220][INFO] Best Test acc=75.900
[2024-09-03 20:57:40,607][train.py][line:207][INFO] Epoch:[375/500]	 loss=1020.26332	 acc=69.272
[2024-09-03 20:57:52,981][train.py][line:212][INFO] Epoch:[375/500]	 Test acc=67.650
[2024-09-03 20:57:52,982][train.py][line:220][INFO] Best Test acc=75.900
[2024-09-03 21:00:10,832][train.py][line:207][INFO] Epoch:[376/500]	 loss=1022.06764	 acc=69.164
[2024-09-03 21:00:23,295][train.py][line:212][INFO] Epoch:[376/500]	 Test acc=69.240
[2024-09-03 21:00:23,295][train.py][line:220][INFO] Best Test acc=75.900
[2024-09-03 21:02:42,189][train.py][line:207][INFO] Epoch:[377/500]	 loss=1034.83065	 acc=68.798
[2024-09-03 21:02:54,397][train.py][line:212][INFO] Epoch:[377/500]	 Test acc=66.670
[2024-09-03 21:02:54,397][train.py][line:220][INFO] Best Test acc=75.900
[2024-09-03 21:05:11,552][train.py][line:207][INFO] Epoch:[378/500]	 loss=994.26340	 acc=69.894
[2024-09-03 21:05:24,056][train.py][line:212][INFO] Epoch:[378/500]	 Test acc=67.540
[2024-09-03 21:05:24,056][train.py][line:220][INFO] Best Test acc=75.900
[2024-09-03 21:07:41,233][train.py][line:207][INFO] Epoch:[379/500]	 loss=1023.66935	 acc=69.068
[2024-09-03 21:07:53,462][train.py][line:212][INFO] Epoch:[379/500]	 Test acc=68.320
[2024-09-03 21:07:53,462][train.py][line:220][INFO] Best Test acc=75.900
[2024-09-03 21:10:09,643][train.py][line:207][INFO] Epoch:[380/500]	 loss=1028.36698	 acc=69.100
[2024-09-03 21:10:21,765][train.py][line:212][INFO] Epoch:[380/500]	 Test acc=67.710
[2024-09-03 21:10:21,765][train.py][line:220][INFO] Best Test acc=75.900
[2024-09-03 21:12:37,929][train.py][line:207][INFO] Epoch:[381/500]	 loss=1035.34002	 acc=68.542
[2024-09-03 21:12:50,038][train.py][line:212][INFO] Epoch:[381/500]	 Test acc=67.000
[2024-09-03 21:12:50,038][train.py][line:220][INFO] Best Test acc=75.900
[2024-09-03 21:15:06,484][train.py][line:207][INFO] Epoch:[382/500]	 loss=1029.44092	 acc=68.946
[2024-09-03 21:15:18,619][train.py][line:212][INFO] Epoch:[382/500]	 Test acc=67.720
[2024-09-03 21:15:18,619][train.py][line:220][INFO] Best Test acc=75.900
[2024-09-03 21:17:34,851][train.py][line:207][INFO] Epoch:[383/500]	 loss=1031.77872	 acc=69.064
[2024-09-03 21:17:46,990][train.py][line:212][INFO] Epoch:[383/500]	 Test acc=68.930
[2024-09-03 21:17:46,990][train.py][line:220][INFO] Best Test acc=75.900
[2024-09-03 21:20:04,590][train.py][line:207][INFO] Epoch:[384/500]	 loss=1034.00411	 acc=68.406
[2024-09-03 21:20:16,699][train.py][line:212][INFO] Epoch:[384/500]	 Test acc=65.490
[2024-09-03 21:20:16,699][train.py][line:220][INFO] Best Test acc=75.900
[2024-09-03 21:22:33,151][train.py][line:207][INFO] Epoch:[385/500]	 loss=1044.83725	 acc=67.944
[2024-09-03 21:22:45,285][train.py][line:212][INFO] Epoch:[385/500]	 Test acc=64.990
[2024-09-03 21:22:45,285][train.py][line:220][INFO] Best Test acc=75.900
[2024-09-03 21:25:03,668][train.py][line:207][INFO] Epoch:[386/500]	 loss=1035.16692	 acc=68.696
[2024-09-03 21:25:15,792][train.py][line:212][INFO] Epoch:[386/500]	 Test acc=68.870
[2024-09-03 21:25:15,792][train.py][line:220][INFO] Best Test acc=75.900
[2024-09-03 21:27:32,491][train.py][line:207][INFO] Epoch:[387/500]	 loss=1030.30426	 acc=68.414
[2024-09-03 21:27:44,657][train.py][line:212][INFO] Epoch:[387/500]	 Test acc=67.480
[2024-09-03 21:27:44,657][train.py][line:220][INFO] Best Test acc=75.900
[2024-09-03 21:30:03,255][train.py][line:207][INFO] Epoch:[388/500]	 loss=1050.91580	 acc=67.778
[2024-09-03 21:30:15,382][train.py][line:212][INFO] Epoch:[388/500]	 Test acc=67.650
[2024-09-03 21:30:15,382][train.py][line:220][INFO] Best Test acc=75.900
[2024-09-03 21:32:34,202][train.py][line:207][INFO] Epoch:[389/500]	 loss=1043.01106	 acc=68.240
[2024-09-03 21:32:47,434][train.py][line:212][INFO] Epoch:[389/500]	 Test acc=68.130
[2024-09-03 21:32:47,434][train.py][line:220][INFO] Best Test acc=75.900
[2024-09-03 21:35:09,268][train.py][line:207][INFO] Epoch:[390/500]	 loss=1032.98271	 acc=68.518
[2024-09-03 21:35:22,020][train.py][line:212][INFO] Epoch:[390/500]	 Test acc=67.890
[2024-09-03 21:35:22,020][train.py][line:220][INFO] Best Test acc=75.900
[2024-09-03 21:37:44,540][train.py][line:207][INFO] Epoch:[391/500]	 loss=1040.48702	 acc=68.312
[2024-09-03 21:37:57,233][train.py][line:212][INFO] Epoch:[391/500]	 Test acc=68.670
[2024-09-03 21:37:57,233][train.py][line:220][INFO] Best Test acc=75.900
[2024-09-03 21:40:15,824][train.py][line:207][INFO] Epoch:[392/500]	 loss=1036.76990	 acc=68.398
[2024-09-03 21:40:28,133][train.py][line:212][INFO] Epoch:[392/500]	 Test acc=68.580
[2024-09-03 21:40:28,133][train.py][line:220][INFO] Best Test acc=75.900
[2024-09-03 21:42:45,547][train.py][line:207][INFO] Epoch:[393/500]	 loss=1040.50075	 acc=68.216
[2024-09-03 21:42:57,737][train.py][line:212][INFO] Epoch:[393/500]	 Test acc=69.400
[2024-09-03 21:42:57,737][train.py][line:220][INFO] Best Test acc=75.900
[2024-09-03 21:45:16,084][train.py][line:207][INFO] Epoch:[394/500]	 loss=1036.76598	 acc=68.368
[2024-09-03 21:45:28,669][train.py][line:212][INFO] Epoch:[394/500]	 Test acc=66.630
[2024-09-03 21:45:28,669][train.py][line:220][INFO] Best Test acc=75.900
[2024-09-03 21:47:45,483][train.py][line:207][INFO] Epoch:[395/500]	 loss=1044.06208	 acc=68.116
[2024-09-03 21:47:57,604][train.py][line:212][INFO] Epoch:[395/500]	 Test acc=68.090
[2024-09-03 21:47:57,604][train.py][line:220][INFO] Best Test acc=75.900
[2024-09-03 21:50:18,029][train.py][line:207][INFO] Epoch:[396/500]	 loss=1046.58255	 acc=68.094
[2024-09-03 21:50:30,264][train.py][line:212][INFO] Epoch:[396/500]	 Test acc=67.140
[2024-09-03 21:50:30,265][train.py][line:220][INFO] Best Test acc=75.900
